Product: MDK-ARM Standard 5.10
Component: ARM Compiler 5.04 update 1 (build 49)
Tool: armlink [5040049]

==============================================================================

Section Cross References

    main.o(.text) refers to _printf_pad.o(.text) for _printf_pre_padding
    main.o(.text) refers to _printf_percent.o(.ARM.Collect$$_printf_percent$$00000000) for _printf_percent
    main.o(.text) refers to _printf_d.o(.ARM.Collect$$_printf_percent$$00000009) for _printf_d
    main.o(.text) refers to _printf_dec.o(.text) for _printf_int_dec
    main.o(.text) refers to _printf_s.o(.ARM.Collect$$_printf_percent$$00000014) for _printf_s
    main.o(.text) refers to _printf_str.o(.text) for _printf_str
    main.o(.text) refers to stm32f4xx_rtc.o(.text) for RTC_GetTime
    main.o(.text) refers to key.o(.text) for KEY_Scan
    main.o(.text) refers to stm32f4xx_gpio.o(.text) for GPIO_SetBits
    main.o(.text) refers to rtc.o(.text) for RTC_Set_Time
    main.o(.text) refers to main.o(.constdata) for .constdata
    main.o(.text) refers to main.o(.data) for KeyCnt
    main.o(.text) refers to noretval__2sprintf.o(.text) for __2sprintf
    main.o(.text) refers to lcd.o(.text) for LCD_ShowString
    main.o(.text) refers to misc.o(.text) for NVIC_PriorityGroupConfig
    main.o(.text) refers to delay.o(.text) for delay_init
    main.o(.text) refers to usart.o(.text) for uart_init
    main.o(.text) refers to led.o(.text) for LED_Init
    main.o(.text) refers to beep.o(.text) for BEEP_Init
    main.o(.text) refers to usmart_config.o(.data) for usmart_dev
    main.o(.text) refers to lcd.o(.data) for POINT_COLOR
    system_stm32f4xx.o(.text) refers to system_stm32f4xx.o(.data) for SystemCoreClock
    led.o(.text) refers to stm32f4xx_rcc.o(.text) for RCC_AHB1PeriphClockCmd
    led.o(.text) refers to stm32f4xx_gpio.o(.text) for GPIO_Init
    lcd.o(.text) refers to _printf_percent.o(.ARM.Collect$$_printf_percent$$00000000) for _printf_percent
    lcd.o(.text) refers to _printf_x.o(.ARM.Collect$$_printf_percent$$0000000C) for _printf_x
    lcd.o(.text) refers to _printf_hex_int.o(.text) for _printf_longlong_hex
    lcd.o(.text) refers to delay.o(.text) for delay_us
    lcd.o(.text) refers to lcd.o(.bss) for lcddev
    lcd.o(.text) refers to lcd.o(.data) for POINT_COLOR
    lcd.o(.text) refers to dflt_clz.o(x$fpl$dfltu) for __aeabi_ui2d
    lcd.o(.text) refers to dmul.o(x$fpl$dmul) for __aeabi_dmul
    lcd.o(.text) refers to dfixu.o(x$fpl$dfixu) for __aeabi_d2uiz
    lcd.o(.text) refers to stm32f4xx_rcc.o(.text) for RCC_AHB1PeriphClockCmd
    lcd.o(.text) refers to stm32f4xx_gpio.o(.text) for GPIO_Init
    lcd.o(.text) refers to stm32f4xx_fsmc.o(.text) for FSMC_NORSRAMInit
    lcd.o(.text) refers to noretval__2printf.o(.text) for __2printf
    lcd.o(.text) refers to lcd.o(.constdata) for asc2_1206
    rtc.o(.text) refers to stm32f4xx_rtc.o(.text) for RTC_SetTime
    rtc.o(.text) refers to stm32f4xx_rcc.o(.text) for RCC_APB1PeriphClockCmd
    rtc.o(.text) refers to stm32f4xx_pwr.o(.text) for PWR_BackupAccessCmd
    rtc.o(.text) refers to delay.o(.text) for delay_ms
    rtc.o(.text) refers to stm32f4xx_exti.o(.text) for EXTI_ClearITPendingBit
    rtc.o(.text) refers to misc.o(.text) for NVIC_Init
    rtc.o(.text) refers to noretval__2printf.o(.text) for __2printf
    rtc.o(.text) refers to rtc.o(.data) for NVIC_InitStructure
    beep.o(.text) refers to stm32f4xx_rcc.o(.text) for RCC_AHB1PeriphClockCmd
    beep.o(.text) refers to stm32f4xx_gpio.o(.text) for GPIO_Init
    key.o(.text) refers to stm32f4xx_rcc.o(.text) for RCC_AHB1PeriphClockCmd
    key.o(.text) refers to stm32f4xx_gpio.o(.text) for GPIO_Init
    key.o(.text) refers to key.o(.data) for key_up
    delay.o(.text) refers to misc.o(.text) for SysTick_CLKSourceConfig
    delay.o(.text) refers to delay.o(.data) for fac_us
    usart.o(.rev16_text) refers (Special) to use_no_semi_2.o(.text) for __use_no_semihosting
    usart.o(.revsh_text) refers (Special) to use_no_semi_2.o(.text) for __use_no_semihosting
    usart.o(.text) refers (Special) to use_no_semi_2.o(.text) for __use_no_semihosting
    usart.o(.text) refers to stm32f4xx_rcc.o(.text) for RCC_AHB1PeriphClockCmd
    usart.o(.text) refers to stm32f4xx_gpio.o(.text) for GPIO_PinAFConfig
    usart.o(.text) refers to stm32f4xx_usart.o(.text) for USART_Init
    usart.o(.text) refers to misc.o(.text) for NVIC_Init
    usart.o(.text) refers to usart.o(.data) for USART_RX_STA
    usart.o(.text) refers to usart.o(.bss) for USART_RX_BUF
    usart.o(.bss) refers (Special) to use_no_semi_2.o(.text) for __use_no_semihosting
    usart.o(.data) refers (Special) to use_no_semi_2.o(.text) for __use_no_semihosting
    startup_stm32f40_41xxx.o(STACK) refers (Special) to heapauxi.o(.text) for __use_two_region_memory
    startup_stm32f40_41xxx.o(HEAP) refers (Special) to heapauxi.o(.text) for __use_two_region_memory
    startup_stm32f40_41xxx.o(RESET) refers (Special) to heapauxi.o(.text) for __use_two_region_memory
[...]
    .ARM.Collect$$rtentry$$00000004          0x0800026a   Section        6  rtentry4.o(.ARM.Collect$$rtentry$$00000004)
    .ARM.Collect$$rtentry$$00000009          0x08000270   Section        0  rtentry2.o(.ARM.Collect$$rtentry$$00000009)
    .ARM.Collect$$rtentry$$0000000A          0x08000270   Section        4  rtentry2.o(.ARM.Collect$$rtentry$$0000000A)
    .ARM.Collect$$rtentry$$0000000C          0x08000274   Section        0  rtentry2.o(.ARM.Collect$$rtentry$$0000000C)
    .ARM.Collect$$rtentry$$0000000D          0x08000274   Section        8  rtentry2.o(.ARM.Collect$$rtentry$$0000000D)
    .ARM.Collect$$rtexit$$00000000           0x0800027c   Section        2  rtexit.o(.ARM.Collect$$rtexit$$00000000)
    .ARM.Collect$$rtexit$$00000002           0x0800027e   Section        0  rtexit2.o(.ARM.Collect$$rtexit$$00000002)
    .ARM.Collect$$rtexit$$00000003           0x0800027e   Section        4  rtexit2.o(.ARM.Collect$$rtexit$$00000003)
    .ARM.Collect$$rtexit$$00000004           0x08000282   Section        6  rtexit2.o(.ARM.Collect$$rtexit$$00000004)
    .text                                    0x08000288   Section        0  main.o(.text)
    .text                                    0x08000a78   Section        0  stm32f4xx_it.o(.text)
    .text                                    0x08000a94   Section        0  system_stm32f4xx.o(.text)
    SetSysClock                              0x08000a95   Thumb Code   220  system_stm32f4xx.o(.text)
    .text                                    0x08000ca4   Section        0  led.o(.text)
    .text                                    0x08000ce4   Section        0  lcd.o(.text)
    .text                                    0x08005964   Section        0  rtc.o(.text)
    .text                                    0x08005ba8   Section        0  beep.o(.text)
    .text                                    0x08005be8   Section        0  key.o(.text)
    .text                                    0x08005ce8   Section        0  delay.o(.text)
    .text                                    0x08005dec   Section        0  usart.o(.text)
    .text                                    0x08005f38   Section       64  startup_stm32f40_41xxx.o(.text)
    $v0                                      0x08005f38   Number         0  startup_stm32f40_41xxx.o(.text)
    .text                                    0x08005f78   Section        0  misc.o(.text)
    .text                                    0x08006058   Section        0  stm32f4xx_gpio.o(.text)
    .text                                    0x080062ec   Section        0  stm32f4xx_fsmc.o(.text)
    .text                                    0x080068b4   Section        0  stm32f4xx_rcc.o(.text)
    .text                                    0x08006f10   Section        0  stm32f4xx_usart.o(.text)
    .text                                    0x08007364   Section        0  stm32f4xx_rtc.o(.text)
    RTC_ByteToBcd2                           0x080075f7   Thumb Code    28  stm32f4xx_rtc.o(.text)
    RTC_Bcd2ToByte                           0x08007613   Thumb Code    22  stm32f4xx_rtc.o(.text)
    .text                                    0x080080cc   Section        0  stm32f4xx_tim.o(.text)
    TI4_Config                               0x0800886b   Thumb Code    80  stm32f4xx_tim.o(.text)
    TI3_Config                               0x080088cd   Thumb Code    72  stm32f4xx_tim.o(.text)
    TI2_Config                               0x0800892f   Thumb Code    90  stm32f4xx_tim.o(.text)
    TI1_Config                               0x0800899b   Thumb Code    58  stm32f4xx_tim.o(.text)
    .text                                    0x08008d70   Section        0  stm32f4xx_exti.o(.text)
    .text                                    0x08008e80   Section        0  stm32f4xx_pwr.o(.text)
    .text                                    0x08008fec   Section        0  usmart.o(.text)
    .text                                    0x08009c20   Section        0  usmart_str.o(.text)
    .text                                    0x0800a148   Section        2  use_no_semi_2.o(.text)
    .text                                    0x0800a14c   Section        0  noretval__2printf.o(.text)
    .text                                    0x0800a164   Section        0  noretval__2sprintf.o(.text)
    .text                                    0x0800a18c   Section        0  _printf_pad.o(.text)
    .text                                    0x0800a1da   Section        0  _printf_str.o(.text)
    .text                                    0x0800a22c   Section        0  _printf_dec.o(.text)
    .text                                    0x0800a2a0   Section        0  _printf_hex_int.o(.text)
    .text                                    0x0800a2f8   Section        0  __printf_flags_ss_wp.o(.text)
    .text                                    0x0800a480   Section        0  heapauxi.o(.text)
    .text                                    0x0800a486   Section        2  use_no_semi.o(.text)
    .text                                    0x0800a488   Section        0  _printf_intcommon.o(.text)
    .text                                    0x0800a53c   Section        0  _printf_char_common.o(.text)
    _printf_input_char                       0x0800a53d   Thumb Code    10  _printf_char_common.o(.text)
    .text                                    0x0800a56c   Section        0  _sputc.o(.text)
    .text                                    0x0800a576   Section        0  _printf_char.o(.text)
    .text                                    0x0800a5a4   Section        0  _printf_char_file.o(.text)
    .text                                    0x0800a5c8   Section        0  ferror.o(.text)
    .text                                    0x0800a5d0   Section       74  sys_stackheap_outer.o(.text)
    .text                                    0x0800a61a   Section        0  exit.o(.text)
    .text                                    0x0800a628   Section        8  libspace.o(.text)
    i._is_digit                              0x0800a630   Section        0  __printf_wp.o(i._is_digit)
    x$fpl$dfixu                              0x0800a640   Section       90  dfixu.o(x$fpl$dfixu)
    $v0                                      0x0800a640   Number         0  dfixu.o(x$fpl$dfixu)
    x$fpl$dfltu                              0x0800a69a   Section       38  dflt_clz.o(x$fpl$dfltu)
    $v0                                      0x0800a69a   Number         0  dflt_clz.o(x$fpl$dfltu)
    x$fpl$dmul                               0x0800a6c0   Section      340  dmul.o(x$fpl$dmul)
    $v0                                      0x0800a6c0   Number         0  dmul.o(x$fpl$dmul)
    x$fpl$dnaninf                            0x0800a814   Section      156  dnaninf.o(x$fpl$dnaninf)
    $v0                                      0x0800a814   Number         0  dnaninf.o(x$fpl$dnaninf)
    x$fpl$dretinf                            0x0800a8b0   Section       12  dretinf.o(x$fpl$dretinf)
    $v0                                      0x0800a8b0   Number         0  dretinf.o(x$fpl$dretinf)
    x$fpl$fpinit                             0x0800a8bc   Section       10  fpinit.o(x$fpl$fpinit)
    $v0                                      0x0800a8bc   Number         0  fpinit.o(x$fpl$fpinit)
    x$fpl$usenofp                            0x0800a8c6   Section        0  usenofp.o(x$fpl$usenofp)
    .constdata                               0x0800a8c8   Section       15  main.o(.constdata)
    .constdata                               0x0800a8d7   Section     6080  lcd.o(.constdata)
    .constdata                               0x0800c098   Section       28  stm32f4xx_fsmc.o(.constdata)
    .constdata                               0x0800c0b4   Section       40  _printf_hex_int.o(.constdata)
    uc_hextab                                0x0800c0b4   Data          20  _printf_hex_int.o(.constdata)
    lc_hextab                                0x0800c0c8   Data          20  _printf_hex_int.o(.constdata)
    .constdata                               0x0800c0dc   Section       17  __printf_flags_ss_wp.o(.constdata)
    maptable                                 0x0800c0dc   Data          17  __printf_flags_ss_wp.o(.constdata)
    .conststring                             0x0800c0f0   Section       40  usmart.o(.conststring)
    .conststring                             0x0800c118   Section      298  usmart_config.o(.conststring)
    .data                                    0x20000000   Section       52  main.o(.data)
    KeyCnt                                   0x20000018   Data           4  main.o(.data)
    Old_Time                                 0x2000001c   Data           4  main.o(.data)
    Old_Date                                 0x20000020   Data           4  main.o(.data)
    old_a                                    0x20000024   Data           4  main.o(.data)
    old_flag                                 0x20000028   Data           4  main.o(.data)
    old_type                                 0x2000002c   Data           4  main.o(.data)
    t                                        0x20000030   Data           4  main.o(.data)
    .data                                    0x20000034   Section       20  system_stm32f4xx.o(.data)
    .data                                    0x20000048   Section        4  lcd.o(.data)
    .data                                    0x2000004c   Section        4  rtc.o(.data)
    .data                                    0x20000050   Section        1  key.o(.data)
    key_up                                   0x20000050   Data           1  key.o(.data)
    .data                                    0x20000052   Section        4  delay.o(.data)
    fac_us                                   0x20000052   Data           1  delay.o(.data)
    fac_ms                                   0x20000054   Data           2  delay.o(.data)
    .data                                    0x20000058   Section        6  usart.o(.data)
    .data                                    0x2000005e   Section       16  stm32f4xx_rcc.o(.data)
    APBAHBPrescTable                         0x2000005e   Data          16  stm32f4xx_rcc.o(.data)
    .data                                    0x20000070   Section       28  usmart.o(.data)
    .data                                    0x2000008c   Section      308  usmart_config.o(.data)
    .bss                                     0x200001c0   Section       14  lcd.o(.bss)
    .bss                                     0x200001ce   Section      200  usart.o(.bss)
    .bss                                     0x20000298   Section       96  libspace.o(.bss)
    HEAP                                     0x200002f8   Section      512  startup_stm32f40_41xxx.o(HEAP)
    Heap_Mem                                 0x200002f8   Data         512  startup_stm32f40_41xxx.o(HEAP)
    STACK                                    0x200004f8   Section     1024  startup_stm32f40_41xxx.o(STACK)
    Stack_Mem                                0x200004f8   Data        1024  startup_stm32f40_41xxx.o(STACK)
    __initial_sp                             0x200008f8   Data           0  startup_stm32f40_41xxx.o(STACK)

    Global Symbols

    Symbol Name                              Value     Ov Type        Size  Object(Section)

    BuildAttributes$$THM_ISAv4$E$P$D$K$B$S$7EM$VFPi3$EXTD16$VFPS$VFMA$PE$A:L22UL41UL21$X:L11$S22US41US21$IEEE1$IW$USESV6$~STKCKD$USESV7$~SHL$OSPACE$ROPI$EBA8$UX$STANDARDLIB$REQ8$PRES8$EABIv2 0x00000000   Number         0  anon$$obj.o ABSOLUTE
    __ARM_use_no_argv                        0x00000000   Number         0  main.o ABSOLUTE
    _printf_flags                            0x00000000   Number         0  printf_stubs.o ABSOLUTE
    _printf_return_value                     0x00000000   Number         0  printf_stubs.o ABSOLUTE
    _printf_sizespec                         0x00000000   Number         0  printf_stubs.o ABSOLUTE
    _printf_widthprec                        0x00000000   Number         0  printf_stubs.o ABSOLUTE
    __ARM_exceptions_init                     - Undefined Weak Reference
    __alloca_initialize                       - Undefined Weak Reference
    __cpp_initialize__aeabi_                  - Undefined Weak Reference
    __cxa_finalize                            - Undefined Weak Reference
    __rt_locale                               - Undefined Weak Reference
    __sigvec_lookup                           - Undefined Weak Reference
    _atexit_init                              - Undefined Weak Reference
    _call_atexit_fns                          - Undefined Weak Reference
    _clock_init                               - Undefined Weak Reference
    _fp_trap_init                             - Undefined Weak Reference
    _fp_trap_shutdown                         - Undefined Weak Reference
    _get_lc_collate                           - Undefined Weak Reference
    _get_lc_ctype                             - Undefined Weak Reference
    _get_lc_monetary                          - Undefined Weak Reference
    _get_lc_numeric                           - Undefined Weak Reference
    _get_lc_time                              - Undefined Weak Reference
    _getenv_init                              - Undefined Weak Reference
    _handle_redirection                       - Undefined Weak Reference
    _init_alloc                               - Undefined Weak Reference
    _init_user_alloc                          - Undefined Weak Reference
    _initio                                   - Undefined Weak Reference
    _mutex_acquire                            - Undefined Weak Reference
    _mutex_release                            - Undefined Weak Reference
    _printf_mbtowc                            - Undefined Weak Reference
    _printf_truncate_signed                   - Undefined Weak Reference
    _printf_truncate_unsigned                 - Undefined Weak Reference
    _rand_init                                - Undefined Weak Reference
    _signal_finish                            - Undefined Weak Reference
    _signal_init                              - Undefined Weak Reference
    _terminate_alloc                          - Undefined Weak Reference
    _terminate_user_alloc                     - Undefined Weak Reference
    _terminateio                              - Undefined Weak Reference
    __Vectors_Size                           0x00000188   Number         0  startup_stm32f40_41xxx.o ABSOLUTE
    __Vectors                                0x08000000   Data           4  startup_stm32f40_41xxx.o(RESET)
    __Vectors_End                            0x08000188   Data           0  startup_stm32f40_41xxx.o(RESET)
    __main                                   0x08000189   Thumb Code     8  __main.o(!!!main)
    __scatterload                            0x08000191   Thumb Code     0  __scatter.o(!!!scatter)
    __scatterload_rt2                        0x08000191   Thumb Code    44  __scatter.o(!!!scatter)
    __scatterload_rt2_thumb_only             0x08000191   Thumb Code     0  __scatter.o(!!!scatter)
    __scatterload_null                       0x0800019f   Thumb Code     0  __scatter.o(!!!scatter)
    __decompress                             0x080001c5   Thumb Code    90  __dczerorl2.o(!!dczerorl2)
    __decompress1                            0x080001c5   Thumb Code     0  __dczerorl2.o(!!dczerorl2)
    __scatterload_zeroinit                   0x08000221   Thumb Code    28  __scatter_zi.o(!!handler_zi)
    _printf_d                                0x0800023d   Thumb Code     0  _printf_d.o(.ARM.Collect$$_printf_percent$$00000009)
    _printf_percent                          0x0800023d   Thumb Code     0  _printf_percent.o(.ARM.Collect$$_printf_percent$$00000000)
    _printf_u                                0x08000243   Thumb Code     0  _printf_u.o(.ARM.Collect$$_printf_percent$$0000000A)
    _printf_x                                0x08000249   Thumb Code     0  _printf_x.o(.ARM.Collect$$_printf_percent$$0000000C)
    _printf_c                                0x0800024f   Thumb Code     0  _printf_c.o(.ARM.Collect$$_printf_percent$$00000013)
    _printf_s                                0x08000255   Thumb Code     0  _printf_s.o(.ARM.Collect$$_printf_percent$$00000014)
    _printf_percent_end                      0x0800025b   Thumb Code     0  _printf_percent_end.o(.ARM.Collect$$_printf_percent$$00000017)
    __rt_lib_init                            0x0800025f   Thumb Code     0  libinit.o(.ARM.Collect$$libinit$$00000000)
    __rt_lib_init_fp_1                       0x08000261   Thumb Code     0  libinit2.o(.ARM.Collect$$libinit$$00000001)
    __rt_lib_init_alloca_1                   0x08000265   Thumb Code     0  libinit2.o(.ARM.Collect$$libinit$$0000002C)
    __rt_lib_init_argv_1                     0x08000265   Thumb Code     0  libinit2.o(.ARM.Collect$$libinit$$0000002A)
    __rt_lib_init_atexit_1                   0x08000265   Thumb Code     0  libinit2.o(.ARM.Collect$$libinit$$00000019)
    __rt_lib_init_clock_1                    0x08000265   Thumb Code     0  libinit2.o(.ARM.Collect$$libinit$$0000001F)
    __rt_lib_init_cpp_1                      0x08000265   Thumb Code     0  libinit2.o(.ARM.Collect$$libinit$$00000030)
    __rt_lib_init_exceptions_1               0x08000265   Thumb Code     0  libinit2.o(.ARM.Collect$$libinit$$0000002E)
    __rt_lib_init_fp_trap_1                  0x08000265   Thumb Code     0  libinit2.o(.ARM.Collect$$libinit$$0000001D)
    __rt_lib_init_getenv_1                   0x08000265   Thumb Code     0  libinit2.o(.ARM.Collect$$libinit$$00000021)
    __rt_lib_init_heap_1                     0x08000265   Thumb Code     0  libinit2.o(.ARM.Collect$$libinit$$00000008)
    __rt_lib_init_lc_collate_1               0x08000265   Thumb Code     0  libinit2.o(.ARM.Collect$$libinit$$0000000F)
    __rt_lib_init_lc_ctype_1                 0x08000265   Thumb Code     0  libinit2.o(.ARM.Collect$$libinit$$00000011)
    __rt_lib_init_lc_monetary_1              0x08000265   Thumb Code     0  libinit2.o(.ARM.Collect$$libinit$$00000013)
    __rt_lib_init_lc_numeric_1               0x08000265   Thumb Code     0  libinit2.o(.ARM.Collect$$libinit$$00000015)
    __rt_lib_init_lc_time_1                  0x08000265   Thumb Code     0  libinit2.o(.ARM.Collect$$libinit$$00000017)
    __rt_lib_init_rand_1                     0x08000265   Thumb Code     0  libinit2.o(.ARM.Collect$$libinit$$0000000C)
    __rt_lib_init_return                     0x08000265   Thumb Code     0  libinit2.o(.ARM.Collect$$libinit$$00000031)
    __rt_lib_init_signal_1                   0x08000265   Thumb Code     0  libinit2.o(.ARM.Collect$$libinit$$0000001B)
    __rt_lib_init_stdio_1                    0x08000265   Thumb Code     0  libinit2.o(.ARM.Collect$$libinit$$00000023)
    __rt_lib_init_user_alloc_1               0x08000265   Thumb Code     0  libinit2.o(.ARM.Collect$$libinit$$0000000A)
    __rt_lib_shutdown                        0x08000267   Thumb Code     0  libshutdown.o(.ARM.Collect$$libshutdown$$00000000)
    __rt_lib_shutdown_fp_trap_1              0x08000269   Thumb Code     0  libshutdown2.o(.ARM.Collect$$libshutdown$$00000006)
    __rt_lib_shutdown_heap_1                 0x08000269   Thumb Code     0  libshutdown2.o(.ARM.Collect$$libshutdown$$0000000E)
    __rt_lib_shutdown_return                 0x08000269   Thumb Code     0  libshutdown2.o(.ARM.Collect$$libshutdown$$0000000F)
    __rt_lib_shutdown_signal_1               0x08000269   Thumb Code     0  libshutdown2.o(.ARM.Collect$$libshutdown$$00000009)
    __rt_lib_shutdown_stdio_1                0x08000269   Thumb Code     0  libshutdown2.o(.ARM.Collect$$libshutdown$$00000003)
    __rt_lib_shutdown_user_alloc_1           0x08000269   Thumb Code     0  libshutdown2.o(.ARM.Collect$$libshutdown$$0000000B)
    __rt_entry                               0x0800026b   Thumb Code     0  rtentry.o(.ARM.Collect$$rtentry$$00000000)
    __rt_entry_presh_1                       0x0800026b   Thumb Code     0  rtentry2.o(.ARM.Collect$$rtentry$$00000002)
    __rt_entry_sh                            0x0800026b   Thumb Code     0  rtentry4.o(.ARM.Collect$$rtentry$$00000004)
    __rt_entry_li                            0x08000271   Thumb Code     0  rtentry2.o(.ARM.Collect$$rtentry$$0000000A)
    __rt_entry_postsh_1                      0x08000271   Thumb Code     0  rtentry2.o(.ARM.Collect$$rtentry$$00000009)
    __rt_entry_main                          0x08000275   Thumb Code     0  rtentry2.o(.ARM.Collect$$rtentry$$0000000D)
    __rt_entry_postli_1                      0x08000275   Thumb Code     0  rtentry2.o(.ARM.Collect$$rtentry$$0000000C)
    __rt_exit                                0x0800027d   Thumb Code     0  rtexit.o(.ARM.Collect$$rtexit$$00000000)
    __rt_exit_ls                             0x0800027f   Thumb Code     0  rtexit2.o(.ARM.Collect$$rtexit$$00000003)
    __rt_exit_prels_1                        0x0800027f   Thumb Code     0  rtexit2.o(.ARM.Collect$$rtexit$$00000002)
    __rt_exit_exit                           0x08000283   Thumb Code     0  rtexit2.o(.ARM.Collect$$rtexit$$00000004)
    KeyOperation                             0x08000289   Thumb Code   900  main.o(.text)
    CompareDate                              0x0800060d   Thumb Code    70  main.o(.text)
    CompareTime                              0x08000653   Thumb Code   110  main.o(.text)
    Display                                  0x080006c1   Thumb Code   418  main.o(.text)
    Sound                                    0x08000863   Thumb Code    34  main.o(.text)
    Light                                    0x08000885   Thumb Code    62  main.o(.text)
    main                                     0x080008c3   Thumb Code   178  main.o(.text)
    NMI_Handler                              0x08000a79   Thumb Code     2  stm32f4xx_it.o(.text)
    HardFault_Handler                        0x08000a7b   Thumb Code     4  stm32f4xx_it.o(.text)
    MemManage_Handler                        0x08000a7f   Thumb Code     4  stm32f4xx_it.o(.text)
    BusFault_Handler                         0x08000a83   Thumb Code     4  stm32f4xx_it.o(.text)
    UsageFault_Handler                       0x08000a87   Thumb Code     4  stm32f4xx_it.o(.text)
    SVC_Handler                              0x08000a8b   Thumb Code     2  stm32f4xx_it.o(.text)
    DebugMon_Handler                         0x08000a8d   Thumb Code     2  stm32f4xx_it.o(.text)
    PendSV_Handler                           0x08000a8f   Thumb Code     2  stm32f4xx_it.o(.text)
    SysTick_Handler                          0x08000a91   Thumb Code     2  stm32f4xx_it.o(.text)
    SystemInit                               0x08000b71   Thumb Code    88  system_stm32f4xx.o(.text)
    SystemCoreClockUpdate                    0x08000bc9   Thumb Code   174  system_stm32f4xx.o(.text)
    LED_Init                                 0x08000ca5   Thumb Code    60  led.o(.text)
    LCD_WR_REG                               0x08000ce5   Thumb Code    18  lcd.o(.text)
    LCD_WR_DATA                              0x08000cf7   Thumb Code    20  lcd.o(.text)
    LCD_RD_DATA                              0x08000d0b   Thumb Code    16  lcd.o(.text)
    LCD_WriteReg                             0x08000d1b   Thumb Code    14  lcd.o(.text)
    LCD_ReadReg                              0x08000d29   Thumb Code    22  lcd.o(.text)
    LCD_WriteRAM_Prepare                     0x08000d3f   Thumb Code    10  lcd.o(.text)
    LCD_WriteRAM                             0x08000d49   Thumb Code     8  lcd.o(.text)
    LCD_BGR2RGB                              0x08000d51   Thumb Code    26  lcd.o(.text)
    opt_delay                                0x08000d6b   Thumb Code    14  lcd.o(.text)
    LCD_SetCursor                            0x08000d79   Thumb Code   418  lcd.o(.text)
    LCD_ReadPoint                            0x08000f1b   Thumb Code   360  lcd.o(.text)
    LCD_DisplayOn                            0x08001083   Thumb Code   102  lcd.o(.text)
    LCD_DisplayOff                           0x080010e9   Thumb Code    90  lcd.o(.text)
    LCD_Scan_Dir                             0x08001143   Thumb Code   744  lcd.o(.text)
    LCD_DrawPoint                            0x0800142b   Thumb Code    28  lcd.o(.text)
    LCD_Fast_DrawPoint                       0x08001447   Thumb Code   388  lcd.o(.text)
    LCD_SSD_BackLightSet                     0x080015cb   Thumb Code    88  lcd.o(.text)
    LCD_Display_Dir                          0x08001623   Thumb Code   444  lcd.o(.text)
    LCD_Set_Window                           0x080017df   Thumb Code   546  lcd.o(.text)
    LCD_Clear                                0x08001a01   Thumb Code   100  lcd.o(.text)
    LCD_Init                                 0x08001a65   Thumb Code 14696  lcd.o(.text)
    LCD_Fill                                 0x080053cd   Thumb Code   180  lcd.o(.text)
    LCD_Color_Fill                           0x08005481   Thumb Code   100  lcd.o(.text)
    LCD_DrawLine                             0x080054e5   Thumb Code   176  lcd.o(.text)
    LCD_DrawRectangle                        0x08005595   Thumb Code    60  lcd.o(.text)
    LCD_Draw_Circle                          0x080055d1   Thumb Code   152  lcd.o(.text)
    LCD_ShowChar                             0x08005669   Thumb Code   272  lcd.o(.text)
    LCD_Pow                                  0x08005779   Thumb Code    22  lcd.o(.text)
    LCD_ShowNum                              0x0800578f   Thumb Code   148  lcd.o(.text)
    LCD_ShowxNum                             0x08005823   Thumb Code   220  lcd.o(.text)
    LCD_ShowString                           0x080058ff   Thumb Code   102  lcd.o(.text)
    RTC_Set_Time                             0x08005965   Thumb Code    36  rtc.o(.text)
    RTC_Set_Date                             0x08005989   Thumb Code    36  rtc.o(.text)
    My_RTC_Init                              0x080059ad   Thumb Code   138  rtc.o(.text)
    RTC_Set_AlarmA                           0x08005a37   Thumb Code   158  rtc.o(.text)
    RTC_Set_WakeUp                           0x08005ad5   Thumb Code   108  rtc.o(.text)
    RTC_Alarm_IRQHandler                     0x08005b41   Thumb Code    36  rtc.o(.text)
    RTC_WKUP_IRQHandler                      0x08005b65   Thumb Code    46  rtc.o(.text)
    BEEP_Init                                0x08005ba9   Thumb Code    60  beep.o(.text)
    KEY_Init                                 0x08005be9   Thumb Code    60  key.o(.text)
    KEY_Scan                                 0x08005c25   Thumb Code   182  key.o(.text)
    delay_init                               0x08005ce9   Thumb Code    52  delay.o(.text)
    delay_us                                 0x08005d1d   Thumb Code    72  delay.o(.text)
    delay_xms                                0x08005d65   Thumb Code    72  delay.o(.text)
    delay_ms                                 0x08005dad   Thumb Code    56  delay.o(.text)
    _sys_exit                                0x08005ded   Thumb Code     6  usart.o(.text)
    fputc                                    0x08005df3   Thumb Code    22  usart.o(.text)
    uart_init                                0x08005e09   Thumb Code   164  usart.o(.text)
    USART1_IRQHandler                        0x08005ead   Thumb Code   122  usart.o(.text)
    Reset_Handler                            0x08005f39   Thumb Code     8  startup_stm32f40_41xxx.o(.text)
    ADC_IRQHandler                           0x08005f53   Thumb Code     0  startup_stm32f40_41xxx.o(.text)
    CAN1_RX0_IRQHandler                      0x08005f53   Thumb Code     0  startup_stm32f40_41xxx.o(.text)
    CAN1_RX1_IRQHandler                      0x08005f53   Thumb Code     0  startup_stm32f40_41xxx.o(.text)
    CAN1_SCE_IRQHandler                      0x08005f53   Thumb Code     0  startup_stm32f40_41xxx.o(.text)
    CAN1_TX_IRQHandler                       0x08005f53   Thumb Code     0  startup_stm32f40_41xxx.o(.text)
    CAN2_RX0_IRQHandler                      0x08005f53   Thumb Code     0  startup_stm32f40_41xxx.o(.text)
    CAN2_RX1_IRQHandler                      0x08005f53   Thumb Code     0  startup_stm32f40_41xxx.o(.text)
    CAN2_SCE_IRQHandler                      0x08005f53   Thumb Code     0  startup_stm32f40_41xxx.o(.text)
    CAN2_TX_IRQHandler                       0x08005f53   Thumb Code     0  startup_stm32f40_41xxx.o(.text)
    CRYP_IRQHandler                          0x08005f53   Thumb Code     0  startup_stm32f40_41xxx.o(.text)
    DCMI_IRQHandler                          0x08005f53   Thumb Code     0  startup_stm32f40_41xxx.o(.text)
    DMA1_Stream0_IRQHandler                  0x08005f53   Thumb Code     0  startup_stm32f40_41xxx.o(.text)
    DMA1_Stream1_IRQHandler                  0x08005f53   Thumb Code     0  startup_stm32f40_41xxx.o(.text)
    DMA1_Stream2_IRQHandler                  0x08005f53   Thumb Code     0  startup_stm32f40_41xxx.o(.text)
    DMA1_Stream3_IRQHandler                  0x08005f53   Thumb Code     0  startup_stm32f40_41xxx.o(.text)
    DMA1_Stream4_IRQHandler                  0x08005f53   Thumb Code     0  startup_stm32f40_41xxx.o(.text)
    DMA1_Stream5_IRQHandler                  0x08005f53   Thumb Code     0  startup_stm32f40_41xxx.o(.text)
    DMA1_Stream6_IRQHandler                  0x08005f53   Thumb Code     0  startup_stm32f40_41xxx.o(.text)
    DMA1_Stream7_IRQHandler                  0x08005f53   Thumb Code     0  startup_stm32f40_41xxx.o(.text)
    DMA2_Stream0_IRQHandler                  0x08005f53   Thumb Code     0  startup_stm32f40_41xxx.o(.text)
    DMA2_Stream1_IRQHandler                  0x08005f53   Thumb Code     0  startup_stm32f40_41xxx.o(.text)
    DMA2_Stream2_IRQHandler                  0x08005f53   Thumb Code     0  startup_stm32f40_41xxx.o(.text)
    DMA2_Stream3_IRQHandler                  0x08005f53   Thumb Code     0  startup_stm32f40_41xxx.o(.text)
    DMA2_Stream4_IRQHandler                  0x08005f53   Thumb Code     0  startup_stm32f40_41xxx.o(.text)
    DMA2_Stream5_IRQHandler                  0x08005f53   Thumb Code     0  startup_stm32f40_41xxx.o(.text)
    DMA2_Stream6_IRQHandler                  0x08005f53   Thumb Code     0  startup_stm32f40_41xxx.o(.text)
    DMA2_Stream7_IRQHandler                  0x08005f53   Thumb Code     0  startup_stm32f40_41xxx.o(.text)
    ETH_IRQHandler                           0x08005f53   Thumb Code     0  startup_stm32f40_41xxx.o(.text)
    ETH_WKUP_IRQHandler                      0x08005f53   Thumb Code     0  startup_stm32f40_41xxx.o(.text)
    EXTI0_IRQHandler                         0x08005f53   Thumb Code     0  startup_stm32f40_41xxx.o(.text)
    EXTI15_10_IRQHandler                     0x08005f53   Thumb Code     0  startup_stm32f40_41xxx.o(.text)
    EXTI1_IRQHandler                         0x08005f53   Thumb Code     0  startup_stm32f40_41xxx.o(.text)
    EXTI2_IRQHandler                         0x08005f53   Thumb Code     0  startup_stm32f40_41xxx.o(.text)
    EXTI3_IRQHandler                         0x08005f53   Thumb Code     0  startup_stm32f40_41xxx.o(.text)
    EXTI4_IRQHandler                         0x08005f53   Thumb Code     0  startup_stm32f40_41xxx.o(.text)
    EXTI9_5_IRQHandler                       0x08005f53   Thumb Code     0  startup_stm32f40_41xxx.o(.text)
    FLASH_IRQHandler                         0x08005f53   Thumb Code     0  startup_stm32f40_41xxx.o(.text)
    FPU_IRQHandler                           0x08005f53   Thumb Code     0  startup_stm32f40_41xxx.o(.text)
    FSMC_IRQHandler                          0x08005f53   Thumb Code     0  startup_stm32f40_41xxx.o(.text)
    HASH_RNG_IRQHandler                      0x08005f53   Thumb Code     0  startup_stm32f40_41xxx.o(.text)
    I2C1_ER_IRQHandler                       0x08005f53   Thumb Code     0  startup_stm32f40_41xxx.o(.text)
    I2C1_EV_IRQHandler                       0x08005f53   Thumb Code     0  startup_stm32f40_41xxx.o(.text)
    I2C2_ER_IRQHandler                       0x08005f53   Thumb Code     0  startup_stm32f40_41xxx.o(.text)
    I2C2_EV_IRQHandler                       0x08005f53   Thumb Code     0  startup_stm32f40_41xxx.o(.text)
    I2C3_ER_IRQHandler                       0x08005f53   Thumb Code     0  startup_stm32f40_41xxx.o(.text)
    I2C3_EV_IRQHandler                       0x08005f53   Thumb Code     0  startup_stm32f40_41xxx.o(.text)
    OTG_FS_IRQHandler                        0x08005f53   Thumb Code     0  startup_stm32f40_41xxx.o(.text)
    OTG_FS_WKUP_IRQHandler                   0x08005f53   Thumb Code     0  startup_stm32f40_41xxx.o(.text)
    OTG_HS_EP1_IN_IRQHandler                 0x08005f53   Thumb Code     0  startup_stm32f40_41xxx.o(.text)
    OTG_HS_EP1_OUT_IRQHandler                0x08005f53   Thumb Code     0  startup_stm32f40_41xxx.o(.text)
    OTG_HS_IRQHandler                        0x08005f53   Thumb Code     0  startup_stm32f40_41xxx.o(.text)
    OTG_HS_WKUP_IRQHandler                   0x08005f53   Thumb Code     0  startup_stm32f40_41xxx.o(.text)
    PVD_IRQHandler                           0x08005f53   Thumb Code     0  startup_stm32f40_41xxx.o(.text)
    RCC_IRQHandler                           0x08005f53   Thumb Code     0  startup_stm32f40_41xxx.o(.text)
    SDIO_IRQHandler                          0x08005f53   Thumb Code     0  startup_stm32f40_41xxx.o(.text)
    SPI1_IRQHandler                          0x08005f53   Thumb Code     0  startup_stm32f40_41xxx.o(.text)
    SPI2_IRQHandler                          0x08005f53   Thumb Code     0  startup_stm32f40_41xxx.o(.text)
    SPI3_IRQHandler                          0x08005f53   Thumb Code     0  startup_stm32f40_41xxx.o(.text)
    TAMP_STAMP_IRQHandler                    0x08005f53   Thumb Code     0  startup_stm32f40_41xxx.o(.text)
    TIM1_BRK_TIM9_IRQHandler                 0x08005f53   Thumb Code     0  startup_stm32f40_41xxx.o(.text)
    TIM1_CC_IRQHandler                       0x08005f53   Thumb Code     0  startup_stm32f40_41xxx.o(.text)
    TIM1_TRG_COM_TIM11_IRQHandler            0x08005f53   Thumb Code     0  startup_stm32f40_41xxx.o(.text)
    TIM1_UP_TIM10_IRQHandler                 0x08005f53   Thumb Code     0  startup_stm32f40_41xxx.o(.text)
    TIM2_IRQHandler                          0x08005f53   Thumb Code     0  startup_stm32f40_41xxx.o(.text)
    TIM3_IRQHandler                          0x08005f53   Thumb Code     0  startup_stm32f40_41xxx.o(.text)
    TIM5_IRQHandler                          0x08005f53   Thumb Code     0  startup_stm32f40_41xxx.o(.text)
    TIM6_DAC_IRQHandler                      0x08005f53   Thumb Code     0  startup_stm32f40_41xxx.o(.text)
    TIM7_IRQHandler                          0x08005f53   Thumb Code     0  startup_stm32f40_41xxx.o(.text)
    TIM8_BRK_TIM12_IRQHandler                0x08005f53   Thumb Code     0  startup_stm32f40_41xxx.o(.text)
    TIM8_CC_IRQHandler                       0x08005f53   Thumb Code     0  startup_stm32f40_41xxx.o(.text)
    TIM8_TRG_COM_TIM14_IRQHandler            0x08005f53   Thumb Code     0  startup_stm32f40_41xxx.o(.text)
    TIM8_UP_TIM13_IRQHandler                 0x08005f53   Thumb Code     0  startup_stm32f40_41xxx.o(.text)
    UART4_IRQHandler                         0x08005f53   Thumb Code     0  startup_stm32f40_41xxx.o(.text)
    UART5_IRQHandler                         0x08005f53   Thumb Code     0  startup_stm32f40_41xxx.o(.text)
    USART2_IRQHandler                        0x08005f53   Thumb Code     0  startup_stm32f40_41xxx.o(.text)
    USART3_IRQHandler                        0x08005f53   Thumb Code     0  startup_stm32f40_41xxx.o(.text)
    USART6_IRQHandler                        0x08005f53   Thumb Code     0  startup_stm32f40_41xxx.o(.text)
    WWDG_IRQHandler                          0x08005f53   Thumb Code     0  startup_stm32f40_41xxx.o(.text)
    __user_initial_stackheap                 0x08005f55   Thumb Code     0  startup_stm32f40_41xxx.o(.text)
    NVIC_PriorityGroupConfig                 0x08005f79   Thumb Code    10  misc.o(.text)
    NVIC_Init                                0x08005f83   Thumb Code   106  misc.o(.text)
    NVIC_SetVectorTable                      0x08005fed   Thumb Code    14  misc.o(.text)
    NVIC_SystemLPConfig                      0x08005ffb   Thumb Code    34  misc.o(.text)
    SysTick_CLKSourceConfig                  0x0800601d   Thumb Code    40  misc.o(.text)
    GPIO_DeInit                              0x08006059   Thumb Code   268  stm32f4xx_gpio.o(.text)
    GPIO_Init                                0x08006165   Thumb Code   144  stm32f4xx_gpio.o(.text)
    GPIO_StructInit                          0x080061f5   Thumb Code    18  stm32f4xx_gpio.o(.text)
    GPIO_PinLockConfig                       0x08006207   Thumb Code    34  stm32f4xx_gpio.o(.text)
    GPIO_ReadInputDataBit                    0x08006229   Thumb Code    18  stm32f4xx_gpio.o(.text)
    GPIO_ReadInputData                       0x0800623b   Thumb Code     8  stm32f4xx_gpio.o(.text)
    GPIO_ReadOutputDataBit                   0x08006243   Thumb Code    18  stm32f4xx_gpio.o(.text)
    GPIO_ReadOutputData                      0x08006255   Thumb Code     8  stm32f4xx_gpio.o(.text)
    GPIO_SetBits                             0x0800625d   Thumb Code     4  stm32f4xx_gpio.o(.text)
    GPIO_ResetBits                           0x08006261   Thumb Code     4  stm32f4xx_gpio.o(.text)
    GPIO_WriteBit                            0x08006265   Thumb Code    10  stm32f4xx_gpio.o(.text)
    GPIO_Write                               0x0800626f   Thumb Code     4  stm32f4xx_gpio.o(.text)
    GPIO_ToggleBits                          0x08006273   Thumb Code     8  stm32f4xx_gpio.o(.text)
    GPIO_PinAFConfig                         0x0800627b   Thumb Code    70  stm32f4xx_gpio.o(.text)
    FSMC_NORSRAMDeInit                       0x080062ed   Thumb Code    54  stm32f4xx_fsmc.o(.text)
    FSMC_NORSRAMInit                         0x08006323   Thumb Code   230  stm32f4xx_fsmc.o(.text)
    FSMC_NORSRAMStructInit                   0x08006409   Thumb Code    48  stm32f4xx_fsmc.o(.text)
    FSMC_NORSRAMCmd                          0x08006439   Thumb Code    46  stm32f4xx_fsmc.o(.text)
    FSMC_NANDDeInit                          0x08006467   Thumb Code    62  stm32f4xx_fsmc.o(.text)
    FSMC_NANDInit                            0x080064a5   Thumb Code   132  stm32f4xx_fsmc.o(.text)
    FSMC_NANDStructInit                      0x08006529   Thumb Code    54  stm32f4xx_fsmc.o(.text)
    FSMC_NANDCmd                             0x0800655f   Thumb Code    86  stm32f4xx_fsmc.o(.text)
    FSMC_NANDECCCmd                          0x080065b5   Thumb Code    86  stm32f4xx_fsmc.o(.text)
    FSMC_GetECC                              0x0800660b   Thumb Code    24  stm32f4xx_fsmc.o(.text)
    FSMC_PCCARDDeInit                        0x08006623   Thumb Code    36  stm32f4xx_fsmc.o(.text)
    FSMC_PCCARDInit                          0x08006647   Thumb Code   130  stm32f4xx_fsmc.o(.text)
    FSMC_PCCARDStructInit                    0x080066c9   Thumb Code    60  stm32f4xx_fsmc.o(.text)
    FSMC_PCCARDCmd                           0x08006705   Thumb Code    44  stm32f4xx_fsmc.o(.text)
    FSMC_ITConfig                            0x08006731   Thumb Code   128  stm32f4xx_fsmc.o(.text)
    FSMC_GetFlagStatus                       0x080067b1   Thumb Code    54  stm32f4xx_fsmc.o(.text)
    FSMC_ClearFlag                           0x080067e7   Thumb Code    74  stm32f4xx_fsmc.o(.text)
    FSMC_GetITStatus                         0x08006831   Thumb Code    62  stm32f4xx_fsmc.o(.text)
    FSMC_ClearITPendingBit                   0x0800686f   Thumb Code    66  stm32f4xx_fsmc.o(.text)
    RCC_DeInit                               0x080068b5   Thumb Code    82  stm32f4xx_rcc.o(.text)
    RCC_HSEConfig                            0x08006907   Thumb Code    14  stm32f4xx_rcc.o(.text)
    RCC_GetFlagStatus                        0x08006915   Thumb Code    60  stm32f4xx_rcc.o(.text)
    RCC_WaitForHSEStartUp                    0x08006951   Thumb Code    56  stm32f4xx_rcc.o(.text)
    RCC_AdjustHSICalibrationValue            0x08006989   Thumb Code    20  stm32f4xx_rcc.o(.text)
    RCC_HSICmd                               0x0800699d   Thumb Code     6  stm32f4xx_rcc.o(.text)
    RCC_LSEConfig                            0x080069a3   Thumb Code    46  stm32f4xx_rcc.o(.text)
    RCC_LSICmd                               0x080069d1   Thumb Code     6  stm32f4xx_rcc.o(.text)
    RCC_PLLConfig                            0x080069d7   Thumb Code    32  stm32f4xx_rcc.o(.text)
    RCC_PLLCmd                               0x080069f7   Thumb Code     6  stm32f4xx_rcc.o(.text)
    RCC_PLLI2SConfig                         0x080069fd   Thumb Code    14  stm32f4xx_rcc.o(.text)
    RCC_PLLI2SCmd                            0x08006a0b   Thumb Code     6  stm32f4xx_rcc.o(.text)
    RCC_PLLSAIConfig                         0x08006a11   Thumb Code    20  stm32f4xx_rcc.o(.text)
    RCC_PLLSAICmd                            0x08006a25   Thumb Code     6  stm32f4xx_rcc.o(.text)
    RCC_ClockSecuritySystemCmd               0x08006a2b   Thumb Code     6  stm32f4xx_rcc.o(.text)
    RCC_MCO1Config                           0x08006a31   Thumb Code    28  stm32f4xx_rcc.o(.text)
    RCC_MCO2Config                           0x08006a4d   Thumb Code    28  stm32f4xx_rcc.o(.text)
    RCC_SYSCLKConfig                         0x08006a69   Thumb Code    20  stm32f4xx_rcc.o(.text)
    RCC_GetSYSCLKSource                      0x08006a7d   Thumb Code    12  stm32f4xx_rcc.o(.text)
    RCC_HCLKConfig                           0x08006a89   Thumb Code    20  stm32f4xx_rcc.o(.text)
    RCC_PCLK1Config                          0x08006a9d   Thumb Code    20  stm32f4xx_rcc.o(.text)
    RCC_PCLK2Config                          0x08006ab1   Thumb Code    22  stm32f4xx_rcc.o(.text)
    RCC_GetClocksFreq                        0x08006ac7   Thumb Code   222  stm32f4xx_rcc.o(.text)
    RCC_RTCCLKConfig                         0x08006ba5   Thumb Code    54  stm32f4xx_rcc.o(.text)
    RCC_RTCCLKCmd                            0x08006bdb   Thumb Code     8  stm32f4xx_rcc.o(.text)
    RCC_BackupResetCmd                       0x08006be3   Thumb Code     8  stm32f4xx_rcc.o(.text)
    RCC_I2SCLKConfig                         0x08006beb   Thumb Code     6  stm32f4xx_rcc.o(.text)
    RCC_SAIPLLI2SClkDivConfig                0x08006bf1   Thumb Code    26  stm32f4xx_rcc.o(.text)
    RCC_SAIPLLSAIClkDivConfig                0x08006c0b   Thumb Code    28  stm32f4xx_rcc.o(.text)
    RCC_SAIBlockACLKConfig                   0x08006c27   Thumb Code    20  stm32f4xx_rcc.o(.text)
    RCC_SAIBlockBCLKConfig                   0x08006c3b   Thumb Code    20  stm32f4xx_rcc.o(.text)
    RCC_LTDCCLKDivConfig                     0x08006c4f   Thumb Code    20  stm32f4xx_rcc.o(.text)
    RCC_TIMCLKPresConfig                     0x08006c63   Thumb Code     6  stm32f4xx_rcc.o(.text)
    RCC_AHB1PeriphClockCmd                   0x08006c69   Thumb Code    34  stm32f4xx_rcc.o(.text)
    RCC_AHB2PeriphClockCmd                   0x08006c8b   Thumb Code    78  stm32f4xx_rcc.o(.text)
    RCC_AHB3PeriphClockCmd                   0x08006cd9   Thumb Code    34  stm32f4xx_rcc.o(.text)
    RCC_APB1PeriphClockCmd                   0x08006cfb   Thumb Code    34  stm32f4xx_rcc.o(.text)
    RCC_APB2PeriphClockCmd                   0x08006d1d   Thumb Code    34  stm32f4xx_rcc.o(.text)
    RCC_AHB1PeriphResetCmd                   0x08006d3f   Thumb Code    34  stm32f4xx_rcc.o(.text)
    RCC_AHB2PeriphResetCmd                   0x08006d61   Thumb Code    34  stm32f4xx_rcc.o(.text)
    RCC_AHB3PeriphResetCmd                   0x08006d83   Thumb Code    34  stm32f4xx_rcc.o(.text)
    RCC_APB1PeriphResetCmd                   0x08006da5   Thumb Code    34  stm32f4xx_rcc.o(.text)
    RCC_APB2PeriphResetCmd                   0x08006dc7   Thumb Code    34  stm32f4xx_rcc.o(.text)
    RCC_AHB1PeriphClockLPModeCmd             0x08006de9   Thumb Code    34  stm32f4xx_rcc.o(.text)
    RCC_AHB2PeriphClockLPModeCmd             0x08006e0b   Thumb Code    34  stm32f4xx_rcc.o(.text)
    RCC_AHB3PeriphClockLPModeCmd             0x08006e2d   Thumb Code    34  stm32f4xx_rcc.o(.text)
    RCC_APB1PeriphClockLPModeCmd             0x08006e4f   Thumb Code    34  stm32f4xx_rcc.o(.text)
    RCC_APB2PeriphClockLPModeCmd             0x08006e71   Thumb Code    34  stm32f4xx_rcc.o(.text)
    RCC_LSEModeConfig                        0x08006e93   Thumb Code    40  stm32f4xx_rcc.o(.text)
    RCC_ITConfig                             0x08006ebb   Thumb Code    34  stm32f4xx_rcc.o(.text)
    RCC_ClearFlag                            0x08006edd   Thumb Code    18  stm32f4xx_rcc.o(.text)
    RCC_GetITStatus                          0x08006eef   Thumb Code    22  stm32f4xx_rcc.o(.text)
    RCC_ClearITPendingBit                    0x08006f05   Thumb Code     8  stm32f4xx_rcc.o(.text)
    USART_DeInit                             0x08006f11   Thumb Code   206  stm32f4xx_usart.o(.text)
    USART_Init                               0x08006fdf   Thumb Code   204  stm32f4xx_usart.o(.text)
    USART_StructInit                         0x080070ab   Thumb Code    24  stm32f4xx_usart.o(.text)
    USART_ClockInit                          0x080070c3   Thumb Code    32  stm32f4xx_usart.o(.text)
    USART_ClockStructInit                    0x080070e3   Thumb Code    12  stm32f4xx_usart.o(.text)
    USART_Cmd                                0x080070ef   Thumb Code    24  stm32f4xx_usart.o(.text)
    USART_SetPrescaler                       0x08007107   Thumb Code    16  stm32f4xx_usart.o(.text)
    USART_OverSampling8Cmd                   0x08007117   Thumb Code    22  stm32f4xx_usart.o(.text)
    USART_OneBitMethodCmd                    0x0800712d   Thumb Code    24  stm32f4xx_usart.o(.text)
    USART_SendData                           0x08007145   Thumb Code     8  stm32f4xx_usart.o(.text)
    USART_ReceiveData                        0x0800714d   Thumb Code    10  stm32f4xx_usart.o(.text)
    USART_SetAddress                         0x08007157   Thumb Code    18  stm32f4xx_usart.o(.text)
    USART_ReceiverWakeUpCmd                  0x08007169   Thumb Code    24  stm32f4xx_usart.o(.text)
    USART_WakeUpConfig                       0x08007181   Thumb Code    18  stm32f4xx_usart.o(.text)
    USART_LINBreakDetectLengthConfig         0x08007193   Thumb Code    18  stm32f4xx_usart.o(.text)
    USART_LINCmd                             0x080071a5   Thumb Code    24  stm32f4xx_usart.o(.text)
    USART_SendBreak                          0x080071bd   Thumb Code    10  stm32f4xx_usart.o(.text)
    USART_HalfDuplexCmd                      0x080071c7   Thumb Code    24  stm32f4xx_usart.o(.text)
    USART_SetGuardTime                       0x080071df   Thumb Code    16  stm32f4xx_usart.o(.text)
    USART_SmartCardCmd                       0x080071ef   Thumb Code    24  stm32f4xx_usart.o(.text)
    USART_SmartCardNACKCmd                   0x08007207   Thumb Code    24  stm32f4xx_usart.o(.text)
    USART_IrDAConfig                         0x0800721f   Thumb Code    18  stm32f4xx_usart.o(.text)
    USART_IrDACmd                            0x08007231   Thumb Code    24  stm32f4xx_usart.o(.text)
    USART_DMACmd                             0x08007249   Thumb Code    18  stm32f4xx_usart.o(.text)
    USART_ITConfig                           0x0800725b   Thumb Code    74  stm32f4xx_usart.o(.text)
    USART_GetFlagStatus                      0x080072a5   Thumb Code    26  stm32f4xx_usart.o(.text)
    USART_ClearFlag                          0x080072bf   Thumb Code    18  stm32f4xx_usart.o(.text)
    USART_GetITStatus                        0x080072d1   Thumb Code   118  stm32f4xx_usart.o(.text)
    USART_ClearITPendingBit                  0x08007347   Thumb Code    30  stm32f4xx_usart.o(.text)
    RTC_WaitForSynchro                       0x08007365   Thumb Code    92  stm32f4xx_rtc.o(.text)
    RTC_EnterInitMode                        0x080073c1   Thumb Code    84  stm32f4xx_rtc.o(.text)
    RTC_DeInit                               0x08007415   Thumb Code   204  stm32f4xx_rtc.o(.text)
    RTC_ExitInitMode                         0x080074e1   Thumb Code    18  stm32f4xx_rtc.o(.text)
    RTC_Init                                 0x080074f3   Thumb Code    94  stm32f4xx_rtc.o(.text)
    RTC_StructInit                           0x08007551   Thumb Code    14  stm32f4xx_rtc.o(.text)
    RTC_WriteProtectionCmd                   0x0800755f   Thumb Code    22  stm32f4xx_rtc.o(.text)
    RTC_RefClockCmd                          0x08007575   Thumb Code    76  stm32f4xx_rtc.o(.text)
    RTC_BypassShadowCmd                      0x080075c1   Thumb Code    54  stm32f4xx_rtc.o(.text)
    RTC_SetTime                              0x08007629   Thumb Code   200  stm32f4xx_rtc.o(.text)
    RTC_TimeStructInit                       0x080076f1   Thumb Code    12  stm32f4xx_rtc.o(.text)
    RTC_GetTime                              0x080076fd   Thumb Code    74  stm32f4xx_rtc.o(.text)
    RTC_GetSubSecond                         0x08007747   Thumb Code    30  stm32f4xx_rtc.o(.text)
    RTC_SetDate                              0x08007765   Thumb Code   190  stm32f4xx_rtc.o(.text)
    RTC_DateStructInit                       0x08007823   Thumb Code    14  stm32f4xx_rtc.o(.text)
    RTC_GetDate                              0x08007831   Thumb Code    70  stm32f4xx_rtc.o(.text)
    RTC_SetAlarm                             0x08007877   Thumb Code   230  stm32f4xx_rtc.o(.text)
    RTC_AlarmStructInit                      0x0800795d   Thumb Code    22  stm32f4xx_rtc.o(.text)
    RTC_GetAlarm                             0x08007973   Thumb Code   114  stm32f4xx_rtc.o(.text)
    RTC_AlarmCmd                             0x080079e5   Thumb Code   112  stm32f4xx_rtc.o(.text)
    RTC_AlarmSubSecondConfig                 0x08007a55   Thumb Code    46  stm32f4xx_rtc.o(.text)
    RTC_GetAlarmSubSecond                    0x08007a83   Thumb Code    34  stm32f4xx_rtc.o(.text)
    RTC_WakeUpClockConfig                    0x08007aa5   Thumb Code    42  stm32f4xx_rtc.o(.text)
    RTC_SetWakeUpCounter                     0x08007acf   Thumb Code    22  stm32f4xx_rtc.o(.text)
    RTC_GetWakeUpCounter                     0x08007ae5   Thumb Code    10  stm32f4xx_rtc.o(.text)
    RTC_WakeUpCmd                            0x08007aef   Thumb Code   116  stm32f4xx_rtc.o(.text)
    RTC_DayLightSavingConfig                 0x08007b63   Thumb Code    50  stm32f4xx_rtc.o(.text)
    RTC_GetStoreOperation                    0x08007b95   Thumb Code    12  stm32f4xx_rtc.o(.text)
    RTC_OutputConfig                         0x08007ba1   Thumb Code    60  stm32f4xx_rtc.o(.text)
    RTC_CoarseCalibConfig                    0x08007bdd   Thumb Code    52  stm32f4xx_rtc.o(.text)
    RTC_CoarseCalibCmd                       0x08007c11   Thumb Code    76  stm32f4xx_rtc.o(.text)
    RTC_CalibOutputCmd                       0x08007c5d   Thumb Code    54  stm32f4xx_rtc.o(.text)
    RTC_CalibOutputConfig                    0x08007c93   Thumb Code    42  stm32f4xx_rtc.o(.text)
    RTC_SmoothCalibConfig                    0x08007cbd   Thumb Code    90  stm32f4xx_rtc.o(.text)
    RTC_TimeStampCmd                         0x08007d17   Thumb Code    54  stm32f4xx_rtc.o(.text)
    RTC_GetTimeStamp                         0x08007d4d   Thumb Code   144  stm32f4xx_rtc.o(.text)
    RTC_GetTimeStampSubSecond                0x08007ddd   Thumb Code     8  stm32f4xx_rtc.o(.text)
    RTC_TamperTriggerConfig                  0x08007de5   Thumb Code    38  stm32f4xx_rtc.o(.text)
    RTC_TamperCmd                            0x08007e0b   Thumb Code    34  stm32f4xx_rtc.o(.text)
    RTC_TamperFilterConfig                   0x08007e2d   Thumb Code    26  stm32f4xx_rtc.o(.text)
    RTC_TamperSamplingFreqConfig             0x08007e47   Thumb Code    26  stm32f4xx_rtc.o(.text)
    RTC_TamperPinsPrechargeDuration          0x08007e61   Thumb Code    26  stm32f4xx_rtc.o(.text)
    RTC_TimeStampOnTamperDetectionCmd        0x08007e7b   Thumb Code    38  stm32f4xx_rtc.o(.text)
    RTC_TamperPullUpCmd                      0x08007ea1   Thumb Code    38  stm32f4xx_rtc.o(.text)
    RTC_WriteBackupRegister                  0x08007ec7   Thumb Code    26  stm32f4xx_rtc.o(.text)
    RTC_ReadBackupRegister                   0x08007ee1   Thumb Code    28  stm32f4xx_rtc.o(.text)
    RTC_TamperPinSelection                   0x08007efd   Thumb Code    26  stm32f4xx_rtc.o(.text)
    RTC_TimeStampPinSelection                0x08007f17   Thumb Code    26  stm32f4xx_rtc.o(.text)
    RTC_OutputTypeConfig                     0x08007f31   Thumb Code    26  stm32f4xx_rtc.o(.text)
    RTC_SynchroShiftConfig                   0x08007f4b   Thumb Code   130  stm32f4xx_rtc.o(.text)
    RTC_ITConfig                             0x08007fcd   Thumb Code    94  stm32f4xx_rtc.o(.text)
    RTC_GetFlagStatus                        0x0800802b   Thumb Code    34  stm32f4xx_rtc.o(.text)
    RTC_ClearFlag                            0x0800804d   Thumb Code    28  stm32f4xx_rtc.o(.text)
    RTC_GetITStatus                          0x08008069   Thumb Code    60  stm32f4xx_rtc.o(.text)
    RTC_ClearITPendingBit                    0x080080a5   Thumb Code    32  stm32f4xx_rtc.o(.text)
    TIM_DeInit                               0x080080cd   Thumb Code   346  stm32f4xx_tim.o(.text)
    TIM_TimeBaseInit                         0x08008227   Thumb Code   104  stm32f4xx_tim.o(.text)
    TIM_TimeBaseStructInit                   0x0800828f   Thumb Code    18  stm32f4xx_tim.o(.text)
    TIM_PrescalerConfig                      0x080082a1   Thumb Code     6  stm32f4xx_tim.o(.text)
    TIM_CounterModeConfig                    0x080082a7   Thumb Code    18  stm32f4xx_tim.o(.text)
    TIM_SetCounter                           0x080082b9   Thumb Code     4  stm32f4xx_tim.o(.text)
    TIM_SetAutoreload                        0x080082bd   Thumb Code     4  stm32f4xx_tim.o(.text)
    TIM_GetCounter                           0x080082c1   Thumb Code     6  stm32f4xx_tim.o(.text)
    TIM_GetPrescaler                         0x080082c7   Thumb Code     6  stm32f4xx_tim.o(.text)
    TIM_UpdateDisableConfig                  0x080082cd   Thumb Code    24  stm32f4xx_tim.o(.text)
    TIM_UpdateRequestConfig                  0x080082e5   Thumb Code    24  stm32f4xx_tim.o(.text)
    TIM_ARRPreloadConfig                     0x080082fd   Thumb Code    24  stm32f4xx_tim.o(.text)
    TIM_SelectOnePulseMode                   0x08008315   Thumb Code    18  stm32f4xx_tim.o(.text)
    TIM_SetClockDivision                     0x08008327   Thumb Code    18  stm32f4xx_tim.o(.text)
    TIM_Cmd                                  0x08008339   Thumb Code    24  stm32f4xx_tim.o(.text)
    TIM_OC1Init                              0x08008351   Thumb Code   114  stm32f4xx_tim.o(.text)
    TIM_OC2Init                              0x080083c3   Thumb Code   154  stm32f4xx_tim.o(.text)
    TIM_OC3Init                              0x0800845d   Thumb Code   204  stm32f4xx_tim.o(.text)
    TIM_OC4Init                              0x08008529   Thumb Code   112  stm32f4xx_tim.o(.text)
    TIM_OCStructInit                         0x08008599   Thumb Code    20  stm32f4xx_tim.o(.text)
    TIM_SelectOCxM                           0x080085ad   Thumb Code    86  stm32f4xx_tim.o(.text)
    TIM_SetCompare1                          0x08008603   Thumb Code     4  stm32f4xx_tim.o(.text)
    TIM_SetCompare2                          0x08008607   Thumb Code     4  stm32f4xx_tim.o(.text)
    TIM_SetCompare3                          0x0800860b   Thumb Code     4  stm32f4xx_tim.o(.text)
    TIM_SetCompare4                          0x0800860f   Thumb Code     4  stm32f4xx_tim.o(.text)
    TIM_ForcedOC1Config                      0x08008613   Thumb Code    18  stm32f4xx_tim.o(.text)
    TIM_ForcedOC2Config                      0x08008625   Thumb Code    26  stm32f4xx_tim.o(.text)
    TIM_ForcedOC3Config                      0x0800863f   Thumb Code    18  stm32f4xx_tim.o(.text)
    TIM_ForcedOC4Config                      0x08008651   Thumb Code    26  stm32f4xx_tim.o(.text)
    TIM_OC1PreloadConfig                     0x0800866b   Thumb Code    18  stm32f4xx_tim.o(.text)
    TIM_OC2PreloadConfig                     0x0800867d   Thumb Code    26  stm32f4xx_tim.o(.text)
    TIM_OC3PreloadConfig                     0x08008697   Thumb Code    18  stm32f4xx_tim.o(.text)
    TIM_OC4PreloadConfig                     0x080086a9   Thumb Code    26  stm32f4xx_tim.o(.text)
    TIM_OC1FastConfig                        0x080086c3   Thumb Code    18  stm32f4xx_tim.o(.text)
    TIM_OC2FastConfig                        0x080086d5   Thumb Code    26  stm32f4xx_tim.o(.text)
    TIM_OC3FastConfig                        0x080086ef   Thumb Code    18  stm32f4xx_tim.o(.text)
    TIM_OC4FastConfig                        0x08008701   Thumb Code    26  stm32f4xx_tim.o(.text)
    TIM_ClearOC1Ref                          0x0800871b   Thumb Code    18  stm32f4xx_tim.o(.text)
    TIM_ClearOC2Ref                          0x0800872d   Thumb Code    24  stm32f4xx_tim.o(.text)
    TIM_ClearOC3Ref                          0x08008745   Thumb Code    18  stm32f4xx_tim.o(.text)
    TIM_ClearOC4Ref                          0x08008757   Thumb Code    24  stm32f4xx_tim.o(.text)
    TIM_OC1PolarityConfig                    0x0800876f   Thumb Code    18  stm32f4xx_tim.o(.text)
    TIM_OC1NPolarityConfig                   0x08008781   Thumb Code    18  stm32f4xx_tim.o(.text)
    TIM_OC2PolarityConfig                    0x08008793   Thumb Code    26  stm32f4xx_tim.o(.text)
    TIM_OC2NPolarityConfig                   0x080087ad   Thumb Code    26  stm32f4xx_tim.o(.text)
    TIM_OC3PolarityConfig                    0x080087c7   Thumb Code    26  stm32f4xx_tim.o(.text)
    TIM_OC3NPolarityConfig                   0x080087e1   Thumb Code    26  stm32f4xx_tim.o(.text)
    TIM_OC4PolarityConfig                    0x080087fb   Thumb Code    26  stm32f4xx_tim.o(.text)
    TIM_CCxCmd                               0x08008815   Thumb Code    30  stm32f4xx_tim.o(.text)
    TIM_CCxNCmd                              0x08008833   Thumb Code    30  stm32f4xx_tim.o(.text)
    TIM_SetIC4Prescaler                      0x08008851   Thumb Code    26  stm32f4xx_tim.o(.text)
    TIM_SetIC3Prescaler                      0x080088bb   Thumb Code    18  stm32f4xx_tim.o(.text)
    TIM_SetIC2Prescaler                      0x08008915   Thumb Code    26  stm32f4xx_tim.o(.text)
    TIM_SetIC1Prescaler                      0x08008989   Thumb Code    18  stm32f4xx_tim.o(.text)
    TIM_ICInit                               0x080089d5   Thumb Code   110  stm32f4xx_tim.o(.text)
    TIM_ICStructInit                         0x08008a43   Thumb Code    18  stm32f4xx_tim.o(.text)
    TIM_PWMIConfig                           0x08008a55   Thumb Code   124  stm32f4xx_tim.o(.text)
    TIM_GetCapture1                          0x08008ad1   Thumb Code     6  stm32f4xx_tim.o(.text)
    TIM_GetCapture2                          0x08008ad7   Thumb Code     6  stm32f4xx_tim.o(.text)
    TIM_GetCapture3                          0x08008add   Thumb Code     6  stm32f4xx_tim.o(.text)
    TIM_GetCapture4                          0x08008ae3   Thumb Code     6  stm32f4xx_tim.o(.text)
    TIM_BDTRConfig                           0x08008ae9   Thumb Code    32  stm32f4xx_tim.o(.text)
    TIM_BDTRStructInit                       0x08008b09   Thumb Code    18  stm32f4xx_tim.o(.text)
    TIM_CtrlPWMOutputs                       0x08008b1b   Thumb Code    30  stm32f4xx_tim.o(.text)
    TIM_SelectCOM                            0x08008b39   Thumb Code    24  stm32f4xx_tim.o(.text)
    TIM_CCPreloadControl                     0x08008b51   Thumb Code    24  stm32f4xx_tim.o(.text)
    TIM_ITConfig                             0x08008b69   Thumb Code    18  stm32f4xx_tim.o(.text)
    TIM_GenerateEvent                        0x08008b7b   Thumb Code     4  stm32f4xx_tim.o(.text)
    TIM_GetFlagStatus                        0x08008b7f   Thumb Code    18  stm32f4xx_tim.o(.text)
    TIM_ClearFlag                            0x08008b91   Thumb Code     6  stm32f4xx_tim.o(.text)
    TIM_GetITStatus                          0x08008b97   Thumb Code    34  stm32f4xx_tim.o(.text)
    TIM_ClearITPendingBit                    0x08008bb9   Thumb Code     6  stm32f4xx_tim.o(.text)
    TIM_DMAConfig                            0x08008bbf   Thumb Code    10  stm32f4xx_tim.o(.text)
    TIM_DMACmd                               0x08008bc9   Thumb Code    18  stm32f4xx_tim.o(.text)
    TIM_SelectCCDMA                          0x08008bdb   Thumb Code    24  stm32f4xx_tim.o(.text)
    TIM_InternalClockConfig                  0x08008bf3   Thumb Code    12  stm32f4xx_tim.o(.text)
    TIM_SelectInputTrigger                   0x08008bff   Thumb Code    18  stm32f4xx_tim.o(.text)
    TIM_ITRxExternalClockConfig              0x08008c11   Thumb Code    24  stm32f4xx_tim.o(.text)
    TIM_TIxExternalClockConfig               0x08008c29   Thumb Code    62  stm32f4xx_tim.o(.text)
    TIM_ETRConfig                            0x08008c67   Thumb Code    28  stm32f4xx_tim.o(.text)
    TIM_ETRClockMode1Config                  0x08008c83   Thumb Code    54  stm32f4xx_tim.o(.text)
    TIM_ETRClockMode2Config                  0x08008cb9   Thumb Code    32  stm32f4xx_tim.o(.text)
    TIM_SelectOutputTrigger                  0x08008cd9   Thumb Code    18  stm32f4xx_tim.o(.text)
    TIM_SelectSlaveMode                      0x08008ceb   Thumb Code    18  stm32f4xx_tim.o(.text)
    TIM_SelectMasterSlaveMode                0x08008cfd   Thumb Code    18  stm32f4xx_tim.o(.text)
    TIM_EncoderInterfaceConfig               0x08008d0f   Thumb Code    66  stm32f4xx_tim.o(.text)
    TIM_SelectHallSensor                     0x08008d51   Thumb Code    24  stm32f4xx_tim.o(.text)
    TIM_RemapConfig                          0x08008d69   Thumb Code     6  stm32f4xx_tim.o(.text)
    EXTI_DeInit                              0x08008d71   Thumb Code    28  stm32f4xx_exti.o(.text)
    EXTI_Init                                0x08008d8d   Thumb Code   142  stm32f4xx_exti.o(.text)
    EXTI_StructInit                          0x08008e1b   Thumb Code    16  stm32f4xx_exti.o(.text)
    EXTI_GenerateSWInterrupt                 0x08008e2b   Thumb Code    16  stm32f4xx_exti.o(.text)
    EXTI_GetFlagStatus                       0x08008e3b   Thumb Code    22  stm32f4xx_exti.o(.text)
    EXTI_ClearFlag                           0x08008e51   Thumb Code     8  stm32f4xx_exti.o(.text)
    EXTI_GetITStatus                         0x08008e59   Thumb Code    22  stm32f4xx_exti.o(.text)
    EXTI_ClearITPendingBit                   0x08008e6f   Thumb Code     8  stm32f4xx_exti.o(.text)
    PWR_DeInit                               0x08008e81   Thumb Code    22  stm32f4xx_pwr.o(.text)
    PWR_BackupAccessCmd                      0x08008e97   Thumb Code     6  stm32f4xx_pwr.o(.text)
    PWR_PVDLevelConfig                       0x08008e9d   Thumb Code    18  stm32f4xx_pwr.o(.text)
    PWR_PVDCmd                               0x08008eaf   Thumb Code     6  stm32f4xx_pwr.o(.text)
    PWR_WakeUpPinCmd                         0x08008eb5   Thumb Code     8  stm32f4xx_pwr.o(.text)
    PWR_BackupRegulatorCmd                   0x08008ebd   Thumb Code     8  stm32f4xx_pwr.o(.text)
    PWR_MainRegulatorModeConfig              0x08008ec5   Thumb Code    18  stm32f4xx_pwr.o(.text)
    PWR_OverDriveCmd                         0x08008ed7   Thumb Code     6  stm32f4xx_pwr.o(.text)
    PWR_OverDriveSWCmd                       0x08008edd   Thumb Code     6  stm32f4xx_pwr.o(.text)
    PWR_UnderDriveCmd                        0x08008ee3   Thumb Code    30  stm32f4xx_pwr.o(.text)
    PWR_MainRegulatorLowVoltageCmd           0x08008f01   Thumb Code    18  stm32f4xx_pwr.o(.text)
    PWR_LowRegulatorLowVoltageCmd            0x08008f13   Thumb Code    18  stm32f4xx_pwr.o(.text)
    PWR_FlashPowerDownCmd                    0x08008f25   Thumb Code     6  stm32f4xx_pwr.o(.text)
    PWR_EnterSTOPMode                        0x08008f2b   Thumb Code    58  stm32f4xx_pwr.o(.text)
    PWR_EnterUnderDriveSTOPMode              0x08008f65   Thumb Code    58  stm32f4xx_pwr.o(.text)
    PWR_EnterSTANDBYMode                     0x08008f9f   Thumb Code    32  stm32f4xx_pwr.o(.text)
    PWR_GetFlagStatus                        0x08008fbf   Thumb Code    20  stm32f4xx_pwr.o(.text)
    PWR_ClearFlag                            0x08008fd3   Thumb Code    14  stm32f4xx_pwr.o(.text)
    usmart_sys_cmd_exe                       0x08008fed   Thumb Code  1554  usmart.o(.text)
    usmart_reset_runtime                     0x080095ff   Thumb Code    38  usmart.o(.text)
    usmart_get_runtime                       0x08009625   Thumb Code    60  usmart.o(.text)
    TIM4_IRQHandler                          0x08009661   Thumb Code    46  usmart.o(.text)
    Timer4_Init                              0x0800968f   Thumb Code    86  usmart.o(.text)
    usmart_init                              0x080096e5   Thumb Code    36  usmart.o(.text)
    usmart_cmd_rec                           0x08009709   Thumb Code   170  usmart.o(.text)
    usmart_exe                               0x080097b3   Thumb Code   868  usmart.o(.text)
    usmart_scan                              0x08009b17   Thumb Code   120  usmart.o(.text)
    read_addr                                0x08009b8f   Thumb Code     6  usmart.o(.text)
    write_addr                               0x08009b95   Thumb Code     4  usmart.o(.text)
    usmart_strcmp                            0x08009c21   Thumb Code    34  usmart_str.o(.text)
    usmart_strcopy                           0x08009c43   Thumb Code    22  usmart_str.o(.text)
    usmart_strlen                            0x08009c59   Thumb Code    24  usmart_str.o(.text)
    usmart_pow                               0x08009c71   Thumb Code    22  usmart_str.o(.text)
    usmart_str2num                           0x08009c87   Thumb Code   202  usmart_str.o(.text)
    usmart_get_cmdname                       0x08009d51   Thumb Code    54  usmart_str.o(.text)
    usmart_search_nextc                      0x08009d87   Thumb Code    22  usmart_str.o(.text)
    usmart_get_fname                         0x08009d9d   Thumb Code   440  usmart_str.o(.text)
    usmart_get_aparm                         0x08009f55   Thumb Code   200  usmart_str.o(.text)
    usmart_get_parmpos                       0x0800a01d   Thumb Code    26  usmart_str.o(.text)
    usmart_get_fparam                        0x0800a037   Thumb Code   262  usmart_str.o(.text)
    __use_no_semihosting                     0x0800a149   Thumb Code     2  use_no_semi_2.o(.text)
    __2printf                                0x0800a14d   Thumb Code    20  noretval__2printf.o(.text)
    __2sprintf                               0x0800a165   Thumb Code    34  noretval__2sprintf.o(.text)
    _printf_pre_padding                      0x0800a18d   Thumb Code    44  _printf_pad.o(.text)
    _printf_post_padding                     0x0800a1b9   Thumb Code    34  _printf_pad.o(.text)
    _printf_str                              0x0800a1db   Thumb Code    82  _printf_str.o(.text)
    _printf_int_dec                          0x0800a22d   Thumb Code   100  _printf_dec.o(.text)
    _printf_int_hex                          0x0800a2a1   Thumb Code    84  _printf_hex_int.o(.text)
    _printf_longlong_hex                     0x0800a2a1   Thumb Code     0  _printf_hex_int.o(.text)
    __printf                                 0x0800a2f9   Thumb Code   388  __printf_flags_ss_wp.o(.text)
    __use_two_region_memory                  0x0800a481   Thumb Code     2  heapauxi.o(.text)
    __rt_heap_escrow$2region                 0x0800a483   Thumb Code     2  heapauxi.o(.text)
    __rt_heap_expand$2region                 0x0800a485   Thumb Code     2  heapauxi.o(.text)
    __I$use$semihosting                      0x0800a487   Thumb Code     0  use_no_semi.o(.text)
    __use_no_semihosting_swi                 0x0800a487   Thumb Code     2  use_no_semi.o(.text)
    _printf_int_common                       0x0800a489   Thumb Code   178  _printf_intcommon.o(.text)
    _printf_char_common                      0x0800a547   Thumb Code    32  _printf_char_common.o(.text)
    _sputc                                   0x0800a56d   Thumb Code    10  _sputc.o(.text)
    _printf_cs_common                        0x0800a577   Thumb Code    20  _printf_char.o(.text)
    _printf_char                             0x0800a58b   Thumb Code    16  _printf_char.o(.text)
    _printf_string                           0x0800a59b   Thumb Code     8  _printf_char.o(.text)
    _printf_char_file                        0x0800a5a5   Thumb Code    32  _printf_char_file.o(.text)
    ferror                                   0x0800a5c9   Thumb Code     8  ferror.o(.text)
    __user_setup_stackheap                   0x0800a5d1   Thumb Code    74  sys_stackheap_outer.o(.text)
    exit                                     0x0800a61b   Thumb Code    12  exit.o(.text)
    __user_libspace                          0x0800a629   Thumb Code     8  libspace.o(.text)
    __user_perproc_libspace                  0x0800a629   Thumb Code     0  libspace.o(.text)
    __user_perthread_libspace                0x0800a629   Thumb Code     0  libspace.o(.text)
    _is_digit                                0x0800a631   Thumb Code    14  __printf_wp.o(i._is_digit)
    __aeabi_d2uiz                            0x0800a641   Thumb Code     0  dfixu.o(x$fpl$dfixu)
    _dfixu                                   0x0800a641   Thumb Code    90  dfixu.o(x$fpl$dfixu)
    __aeabi_ui2d                             0x0800a69b   Thumb Code     0  dflt_clz.o(x$fpl$dfltu)
    _dfltu                                   0x0800a69b   Thumb Code    38  dflt_clz.o(x$fpl$dfltu)
    __aeabi_dmul                             0x0800a6c1   Thumb Code     0  dmul.o(x$fpl$dmul)
    _dmul                                    0x0800a6c1   Thumb Code   332  dmul.o(x$fpl$dmul)
    __fpl_dnaninf                            0x0800a815   Thumb Code   156  dnaninf.o(x$fpl$dnaninf)
    __fpl_dretinf                            0x0800a8b1   Thumb Code    12  dretinf.o(x$fpl$dretinf)
    _fp_init                                 0x0800a8bd   Thumb Code    10  fpinit.o(x$fpl$fpinit)
    __fplib_config_fpu_vfp                   0x0800a8c5   Thumb Code     0  fpinit.o(x$fpl$fpinit)
    __fplib_config_pureend_doubles           0x0800a8c5   Thumb Code     0  fpinit.o(x$fpl$fpinit)
    __I$use$fp                               0x0800a8c6   Number         0  usenofp.o(x$fpl$usenofp)
    asc2_1206                                0x0800a8d7   Data        1140  lcd.o(.constdata)
    asc2_1608                                0x0800ad4b   Data        1520  lcd.o(.constdata)
    asc2_2412                                0x0800b33b   Data        3420  lcd.o(.constdata)
    FSMC_DefaultTimingStruct                 0x0800c098   Data          28  stm32f4xx_fsmc.o(.constdata)
    Region$$Table$$Base                      0x0800c244   Number         0  anon$$obj.o(Region$$Table)
    Region$$Table$$Limit                     0x0800c264   Number         0  anon$$obj.o(Region$$Table)
    beep_cnt                                 0x20000000   Data           4  main.o(.data)
    flag                                     0x20000004   Data           1  main.o(.data)
    type                                     0x20000005   Data           1  main.o(.data)
    h                                        0x20000006   Data           1  main.o(.data)
    m                                        0x20000007   Data           1  main.o(.data)
    s                                        0x20000008   Data           1  main.o(.data)
    year                                     0x20000009   Data           1  main.o(.data)
    month                                    0x2000000a   Data           1  main.o(.data)
    date                                     0x2000000b   Data           1  main.o(.data)
    week                                     0x2000000c   Data           1  main.o(.data)
    a                                        0x20000010   Data           4  main.o(.data)
    Step                                     0x20000014   Data           4  main.o(.data)
    SystemCoreClock                          0x20000034   Data           4  system_stm32f4xx.o(.data)
    AHBPrescTable                            0x20000038   Data          16  system_stm32f4xx.o(.data)
    POINT_COLOR                              0x20000048   Data           2  lcd.o(.data)
    BACK_COLOR                               0x2000004a   Data           2  lcd.o(.data)
    NVIC_InitStructure                       0x2000004c   Data           4  rtc.o(.data)
    __stdout                                 0x20000058   Data           4  usart.o(.data)
    USART_RX_STA                             0x2000005c   Data           2  usart.o(.data)
    sys_cmd_tab                              0x20000070   Data          28  usmart.o(.data)
    usmart_nametab                           0x2000008c   Data          64  usmart_config.o(.data)
    usmart_dev                               0x200000cc   Data         244  usmart_config.o(.data)
    lcddev                                   0x200001c0   Data          14  lcd.o(.bss)
    USART_RX_BUF                             0x200001ce   Data         200  usart.o(.bss)
    __libspace_start                         0x20000298   Data          96  libspace.o(.bss)
    __temporary_stack_top$libspace           0x200002f8   Data           0  libspace.o(.bss)



==============================================================================

Memory Map of the image

  Image Entry point : 0x08000189

  Load Region LR_IROM1 (Base: 0x08000000, Size: 0x0000c424, Max: 0x00100000, ABSOLUTE, COMPRESSED[0x0000c2e4])

    Execution Region ER_IROM1 (Base: 0x08000000, Size: 0x0000c264, Max: 0x00100000, ABSOLUTE)

    Base Addr    Size         Type   Attr      Idx    E Section Name        Object

    0x08000000   0x00000188   Data   RO          442    RESET               startup_stm32f40_41xxx.o
    0x08000188   0x00000008   Code   RO          786  * !!!main             c_w.l(__main.o)
    0x08000190   0x00000034   Code   RO          974    !!!scatter          c_w.l(__scatter.o)
    0x080001c4   0x0000005a   Code   RO          972    !!dczerorl2         c_w.l(__dczerorl2.o)
    0x0800021e   0x00000002   PAD
    0x08000220   0x0000001c   Code   RO          976    !!handler_zi        c_w.l(__scatter_zi.o)
    0x0800023c   0x00000000   Code   RO          783    .ARM.Collect$$_printf_percent$$00000000  c_w.l(_printf_percent.o)
    0x0800023c   0x00000006   Code   RO          781    .ARM.Collect$$_printf_percent$$00000009  c_w.l(_printf_d.o)
    0x08000242   0x00000006   Code   RO          782    .ARM.Collect$$_printf_percent$$0000000A  c_w.l(_printf_u.o)
    0x08000248   0x00000006   Code   RO          780    .ARM.Collect$$_printf_percent$$0000000C  c_w.l(_printf_x.o)
    0x0800024e   0x00000006   Code   RO          778    .ARM.Collect$$_printf_percent$$00000013  c_w.l(_printf_c.o)
    0x08000254   0x00000006   Code   RO          779    .ARM.Collect$$_printf_percent$$00000014  c_w.l(_printf_s.o)
    0x0800025a   0x00000004   Code   RO          813    .ARM.Collect$$_printf_percent$$00000017  c_w.l(_printf_percent_end.o)
    0x0800025e   0x00000002   Code   RO          849    .ARM.Collect$$libinit$$00000000  c_w.l(libinit.o)
    0x08000260   0x00000004   Code   RO          855    .ARM.Collect$$libinit$$00000001  c_w.l(libinit2.o)
    0x08000264   0x00000000   Code   RO          859    .ARM.Collect$$libinit$$00000008  c_w.l(libinit2.o)
    0x08000264   0x00000000   Code   RO          861    .ARM.Collect$$libinit$$0000000A  c_w.l(libinit2.o)
    0x08000264   0x00000000   Code   RO          863    .ARM.Collect$$libinit$$0000000C  c_w.l(libinit2.o)
    0x08000264   0x00000000   Code   RO          866    .ARM.Collect$$libinit$$0000000F  c_w.l(libinit2.o)
    0x08000264   0x00000000   Code   RO          868    .ARM.Collect$$libinit$$00000011  c_w.l(libinit2.o)
    0x08000264   0x00000000   Code   RO          870    .ARM.Collect$$libinit$$00000013  c_w.l(libinit2.o)
    0x08000264   0x00000000   Code   RO          872    .ARM.Collect$$libinit$$00000015  c_w.l(libinit2.o)
    0x08000264   0x00000000   Code   RO          874    .ARM.Collect$$libinit$$00000017  c_w.l(libinit2.o)
    0x08000264   0x00000000   Code   RO          876    .ARM.Collect$$libinit$$00000019  c_w.l(libinit2.o)
    0x08000264   0x00000000   Code   RO          878    .ARM.Collect$$libinit$$0000001B  c_w.l(libinit2.o)
    0x08000264   0x00000000   Code   RO          880    .ARM.Collect$$libinit$$0000001D  c_w.l(libinit2.o)
    0x08000264   0x00000000   Code   RO          882    .ARM.Collect$$libinit$$0000001F  c_w.l(libinit2.o)
    0x08000264   0x00000000   Code   RO          884    .ARM.Collect$$libinit$$00000021  c_w.l(libinit2.o)
    0x08000264   0x00000000   Code   RO          886    .ARM.Collect$$libinit$$00000023  c_w.l(libinit2.o)
    0x08000264   0x00000000   Code   RO          890    .ARM.Collect$$libinit$$0000002A  c_w.l(libinit2.o)
    0x08000264   0x00000000   Code   RO          892    .ARM.Collect$$libinit$$0000002C  c_w.l(libinit2.o)
    0x08000264   0x00000000   Code   RO          894    .ARM.Collect$$libinit$$0000002E  c_w.l(libinit2.o)
    0x08000264   0x00000000   Code   RO          896    .ARM.Collect$$libinit$$00000030  c_w.l(libinit2.o)
    0x08000264   0x00000002   Code   RO          897    .ARM.Collect$$libinit$$00000031  c_w.l(libinit2.o)
    0x08000266   0x00000002   Code   RO          915    .ARM.Collect$$libshutdown$$00000000  c_w.l(libshutdown.o)
    0x08000268   0x00000000   Code   RO          926    .ARM.Collect$$libshutdown$$00000003  c_w.l(libshutdown2.o)
    0x08000268   0x00000000   Code   RO          929    .ARM.Collect$$libshutdown$$00000006  c_w.l(libshutdown2.o)
    0x08000268   0x00000000   Code   RO          932    .ARM.Collect$$libshutdown$$00000009  c_w.l(libshutdown2.o)
    0x08000268   0x00000000   Code   RO          934    .ARM.Collect$$libshutdown$$0000000B  c_w.l(libshutdown2.o)
    0x08000268   0x00000000   Code   RO          937    .ARM.Collect$$libshutdown$$0000000E  c_w.l(libshutdown2.o)
    0x08000268   0x00000002   Code   RO          938    .ARM.Collect$$libshutdown$$0000000F  c_w.l(libshutdown2.o)
    0x0800026a   0x00000000   Code   RO          802    .ARM.Collect$$rtentry$$00000000  c_w.l(rtentry.o)
    0x0800026a   0x00000000   Code   RO          820    .ARM.Collect$$rtentry$$00000002  c_w.l(rtentry2.o)
    0x0800026a   0x00000006   Code   RO          832    .ARM.Collect$$rtentry$$00000004  c_w.l(rtentry4.o)
    0x08000270   0x00000000   Code   RO          822    .ARM.Collect$$rtentry$$00000009  c_w.l(rtentry2.o)
    0x08000270   0x00000004   Code   RO          823    .ARM.Collect$$rtentry$$0000000A  c_w.l(rtentry2.o)
    0x08000274   0x00000000   Code   RO          825    .ARM.Collect$$rtentry$$0000000C  c_w.l(rtentry2.o)
    0x08000274   0x00000008   Code   RO          826    .ARM.Collect$$rtentry$$0000000D  c_w.l(rtentry2.o)
    0x0800027c   0x00000002   Code   RO          853    .ARM.Collect$$rtexit$$00000000  c_w.l(rtexit.o)
    0x0800027e   0x00000000   Code   RO          899    .ARM.Collect$$rtexit$$00000002  c_w.l(rtexit2.o)
    0x0800027e   0x00000004   Code   RO          900    .ARM.Collect$$rtexit$$00000003  c_w.l(rtexit2.o)
    0x08000282   0x00000006   Code   RO          901    .ARM.Collect$$rtexit$$00000004  c_w.l(rtexit2.o)
    0x08000288   0x000007f0   Code   RO            3    .text               main.o
    0x08000a78   0x0000001a   Code   RO          174    .text               stm32f4xx_it.o
    0x08000a92   0x00000002   PAD
    0x08000a94   0x00000210   Code   RO          223    .text               system_stm32f4xx.o
    0x08000ca4   0x00000040   Code   RO          249    .text               led.o
    0x08000ce4   0x00004c80   Code   RO          269    .text               lcd.o
    0x08005964   0x00000244   Code   RO          307    .text               rtc.o
    0x08005ba8   0x00000040   Code   RO          330    .text               beep.o
    0x08005be8   0x00000100   Code   RO          350    .text               key.o
    0x08005ce8   0x00000104   Code   RO          371    .text               delay.o
    0x08005dec   0x0000014c   Code   RO          411    .text               usart.o
    0x08005f38   0x00000040   Code   RO          443    .text               startup_stm32f40_41xxx.o
    0x08005f78   0x000000e0   Code   RO          449    .text               misc.o
    0x08006058   0x00000294   Code   RO          469    .text               stm32f4xx_gpio.o
    0x080062ec   0x000005c8   Code   RO          489    .text               stm32f4xx_fsmc.o
    0x080068b4   0x0000065c   Code   RO          512    .text               stm32f4xx_rcc.o
    0x08006f10   0x00000454   Code   RO          554    .text               stm32f4xx_usart.o
    0x08007364   0x00000d68   Code   RO          574    .text               stm32f4xx_rtc.o
    0x080080cc   0x00000ca2   Code   RO          594    .text               stm32f4xx_tim.o
    0x08008d6e   0x00000002   PAD
    0x08008d70   0x00000110   Code   RO          614    .text               stm32f4xx_exti.o
    0x08008e80   0x0000016c   Code   RO          634    .text               stm32f4xx_pwr.o
    0x08008fec   0x00000c34   Code   RO          654    .text               usmart.o
    0x08009c20   0x00000528   Code   RO          699    .text               usmart_str.o
    0x0800a148   0x00000002   Code   RO          719    .text               c_w.l(use_no_semi_2.o)
    0x0800a14a   0x00000002   PAD
    0x0800a14c   0x00000018   Code   RO          725    .text               c_w.l(noretval__2printf.o)
    0x0800a164   0x00000028   Code   RO          727    .text               c_w.l(noretval__2sprintf.o)
    0x0800a18c   0x0000004e   Code   RO          731    .text               c_w.l(_printf_pad.o)
    0x0800a1da   0x00000052   Code   RO          733    .text               c_w.l(_printf_str.o)
    0x0800a22c   0x00000074   Code   RO          735    .text               c_w.l(_printf_dec.o)
    0x0800a2a0   0x00000058   Code   RO          740    .text               c_w.l(_printf_hex_int.o)
    0x0800a2f8   0x00000188   Code   RO          775    .text               c_w.l(__printf_flags_ss_wp.o)
    0x0800a480   0x00000006   Code   RO          784    .text               c_w.l(heapauxi.o)
    0x0800a486   0x00000002   Code   RO          800    .text               c_w.l(use_no_semi.o)
    0x0800a488   0x000000b2   Code   RO          803    .text               c_w.l(_printf_intcommon.o)
    0x0800a53a   0x00000002   PAD
    0x0800a53c   0x00000030   Code   RO          805    .text               c_w.l(_printf_char_common.o)
    0x0800a56c   0x0000000a   Code   RO          807    .text               c_w.l(_sputc.o)
    0x0800a576   0x0000002c   Code   RO          809    .text               c_w.l(_printf_char.o)
    0x0800a5a2   0x00000002   PAD
    0x0800a5a4   0x00000024   Code   RO          811    .text               c_w.l(_printf_char_file.o)
    0x0800a5c8   0x00000008   Code   RO          836    .text               c_w.l(ferror.o)
    0x0800a5d0   0x0000004a   Code   RO          840    .text               c_w.l(sys_stackheap_outer.o)
    0x0800a61a   0x0000000c   Code   RO          842    .text               c_w.l(exit.o)
    0x0800a626   0x00000002   PAD
    0x0800a628   0x00000008   Code   RO          850    .text               c_w.l(libspace.o)
    0x0800a630   0x0000000e   Code   RO          768    i._is_digit         c_w.l(__printf_wp.o)
    0x0800a63e   0x00000002   PAD
    0x0800a640   0x0000005a   Code   RO          788    x$fpl$dfixu         fz_wm.l(dfixu.o)
    0x0800a69a   0x00000026   Code   RO          792    x$fpl$dfltu         fz_wm.l(dflt_clz.o)
    0x0800a6c0   0x00000154   Code   RO          798    x$fpl$dmul          fz_wm.l(dmul.o)
    0x0800a814   0x0000009c   Code   RO          814    x$fpl$dnaninf       fz_wm.l(dnaninf.o)
    0x0800a8b0   0x0000000c   Code   RO          816    x$fpl$dretinf       fz_wm.l(dretinf.o)
    0x0800a8bc   0x0000000a   Code   RO          907    x$fpl$fpinit        fz_wm.l(fpinit.o)
    0x0800a8c6   0x00000000   Code   RO          818    x$fpl$usenofp       fz_wm.l(usenofp.o)
    0x0800a8c6   0x00000002   PAD
    0x0800a8c8   0x0000000f   Data   RO            4    .constdata          main.o
    0x0800a8d7   0x000017c0   Data   RO          271    .constdata          lcd.o
    0x0800c097   0x00000001   PAD
    0x0800c098   0x0000001c   Data   RO          490    .constdata          stm32f4xx_fsmc.o
    0x0800c0b4   0x00000028   Data   RO          741    .constdata          c_w.l(_printf_hex_int.o)
    0x0800c0dc   0x00000011   Data   RO          776    .constdata          c_w.l(__printf_flags_ss_wp.o)
    0x0800c0ed   0x00000003   PAD
    0x0800c0f0   0x00000028   Data   RO          655    .conststring        usmart.o
    0x0800c118   0x0000012a   Data   RO          678    .conststring        usmart_config.o
    0x0800c242   0x00000002   PAD
    0x0800c244   0x00000020   Data   RO          970    Region$$Table       anon$$obj.o


    Execution Region RW_IRAM1 (Base: 0x20000000, Size: 0x000008f8, Max: 0x00020000, ABSOLUTE, COMPRESSED[0x00000080])

    Base Addr    Size         Type   Attr      Idx    E Section Name        Object

    0x20000000   0x00000034   Data   RW            5    .data               main.o
    0x20000034   0x00000014   Data   RW          224    .data               system_stm32f4xx.o
    0x20000048   0x00000004   Data   RW          272    .data               lcd.o
    0x2000004c   0x00000004   Data   RW          308    .data               rtc.o
    0x20000050   0x00000001   Data   RW          351    .data               key.o
    0x20000051   0x00000001   PAD
    0x20000052   0x00000004   Data   RW          372    .data               delay.o
    0x20000056   0x00000002   PAD
    0x20000058   0x00000006   Data   RW          413    .data               usart.o
    0x2000005e   0x00000010   Data   RW          513    .data               stm32f4xx_rcc.o
    0x2000006e   0x00000002   PAD
    0x20000070   0x0000001c   Data   RW          656    .data               usmart.o
    0x2000008c   0x00000134   Data   RW          679    .data               usmart_config.o
    0x200001c0   0x0000000e   Zero   RW          270    .bss                lcd.o
    0x200001ce   0x000000c8   Zero   RW          412    .bss                usart.o
    0x20000296   0x00000002   PAD
    0x20000298   0x00000060   Zero   RW          851    .bss                c_w.l(libspace.o)
    0x200002f8   0x00000200   Zero   RW          441    HEAP                startup_stm32f40_41xxx.o
    0x200004f8   0x00000400   Zero   RW          440    STACK               startup_stm32f40_41xxx.o


==============================================================================

Image component sizes


      Code (inc. data)   RO Data    RW Data    ZI Data      Debug   Object Name

        64          4          0          0          0        628   beep.o
       260          8          0          4          0       1633   delay.o
       256         14          0          1          0        960   key.o
     19584        174       6080          4         14      22770   lcd.o
        64          4          0          0          0        623   led.o
      2032        338         15         52          0     310715   main.o
       224         20          0          0          0       2017   misc.o
       580         22          0          4          0       2888   rtc.o
        64         26        392          0       1536        872   startup_stm32f40_41xxx.o
       272         10          0          0          0       2463   stm32f4xx_exti.o
      1480         18         28          0          0       5914   stm32f4xx_fsmc.o
       660         44          0          0          0       4293   stm32f4xx_gpio.o
        26          0          0          0          0       1322   stm32f4xx_it.o
       364         12          0          0          0       3835   stm32f4xx_pwr.o
      1628         52          0         16          0      13180   stm32f4xx_rcc.o
      3432         44          0          0          0      15252   stm32f4xx_rtc.o
      3234         60          0          0          0      22496   stm32f4xx_tim.o
      1108         34          0          0          0       7992   stm32f4xx_usart.o
       528         46          0         20          0       2075   system_stm32f4xx.o
       332         18          0          6        200       3610   usart.o
      3124       1286         40         28          0       4666   usmart.o
         0          0        298        308          0       1820   usmart_config.o
      1320         12          0          0          0       5361   usmart_str.o

    ----------------------------------------------------------------------
     40640       2246       6888        448       1752     437385   Object Totals
         0          0         32          0          0          0   (incl. Generated)
         4          0          3          5          2          0   (incl. Padding)

    ----------------------------------------------------------------------

      Code (inc. data)   RO Data    RW Data    ZI Data      Debug   Library Member Name

        90          0          0          0          0          0   __dczerorl2.o
         8          0          0          0          0         68   __main.o
       392          4         17          0          0         92   __printf_flags_ss_wp.o
        14          0          0          0          0         68   __printf_wp.o
        52          8          0          0          0          0   __scatter.o
        28          0          0          0          0          0   __scatter_zi.o
         6          0          0          0          0          0   _printf_c.o
        44          0          0          0          0        108   _printf_char.o
        48          6          0          0          0         96   _printf_char_common.o
        36          4          0          0          0         80   _printf_char_file.o
         6          0          0          0          0          0   _printf_d.o
       116         16          0          0          0         92   _printf_dec.o
        88          4         40          0          0         88   _printf_hex_int.o
       178          0          0          0          0         88   _printf_intcommon.o
        78          0          0          0          0        108   _printf_pad.o
         0          0          0          0          0          0   _printf_percent.o
         4          0          0          0          0          0   _printf_percent_end.o
         6          0          0          0          0          0   _printf_s.o
        82          0          0          0          0         80   _printf_str.o
         6          0          0          0          0          0   _printf_u.o
         6          0          0          0          0          0   _printf_x.o
        10          0          0          0          0         68   _sputc.o
        12          0          0          0          0         72   exit.o
         8          0          0          0          0         68   ferror.o
         6          0          0          0          0        152   heapauxi.o
         2          0          0          0          0          0   libinit.o
         6          0          0          0          0          0   libinit2.o
         2          0          0          0          0          0   libshutdown.o
         2          0          0          0          0          0   libshutdown2.o
         8          4          0          0         96         68   libspace.o
        24          4          0          0          0         84   noretval__2printf.o
        40          6          0          0          0         84   noretval__2sprintf.o
         0          0          0          0          0          0   rtentry.o
        12          0          0          0          0          0   rtentry2.o
         6          0          0          0          0          0   rtentry4.o
         2          0          0          0          0          0   rtexit.o
        10          0          0          0          0          0   rtexit2.o
        74          0          0          0          0         80   sys_stackheap_outer.o
         2          0          0          0          0         68   use_no_semi.o
         2          0          0          0          0         68   use_no_semi_2.o
        90          4          0          0          0        140   dfixu.o
        38          0          0          0          0        116   dflt_clz.o
       340         12          0          0          0        152   dmul.o
       156          4          0          0          0        140   dnaninf.o
        12          0          0          0          0        116   dretinf.o
        10          0          0          0          0        116   fpinit.o
         0          0          0          0          0          0   usenofp.o

    ----------------------------------------------------------------------
      2176         76         60          0         96       2560   Library Totals
        14          0          3          0          0          0   (incl. Padding)

    ----------------------------------------------------------------------

      Code (inc. data)   RO Data    RW Data    ZI Data      Debug   Library Name

      1516         56         57          0         96       1780   c_w.l
       646         20          0          0          0        780   fz_wm.l

    ----------------------------------------------------------------------
      2176         76         60          0         96       2560   Library Totals

    ----------------------------------------------------------------------

==============================================================================


      Code (inc. data)   RO Data    RW Data    ZI Data      Debug   

     42816       2322       6948        448       1848     433461   Grand Totals
     42816       2322       6948        128       1848     433461   ELF Image Totals (compressed)
     42816       2322       6948        128          0          0   ROM Totals

==============================================================================

    Total RO  Size (Code + RO Data)                49764 (  48.60kB)
    Total RW  Size (RW Data + ZI Data)              2296 (   2.24kB)
    Total ROM Size (Code + RO Data + RW Data)      49892 (  48.72kB)

==============================================================================

