<html>
<body>
<pre>
<h1>礦ision Build Log</h1>
<h2>Project:</h2>
D:\嵌入式\3，标准例程-库函数版本\2，标准例程-库函数版本\实验15 RTC实时时钟实验\USER\RTC.uvprojx
Project File Date:  10/09/2018

<h2>Output:</h2>
Build target 'RTC'
compiling main.c...
main.c(29): warning:  #111-D: statement is unreachable
         RTC_GetTime(RTC_Format_BIN,&RTC_TimeStruct);
main.c(149): warning:  #940-D: missing return statement at end of non-void function "CompareDate"
  }
main.c(155): warning:  #940-D: missing return statement at end of non-void function "CompareTime"
  }
main.c(221): warning:  #177-D: variable "RTC_TimeStruct" was declared but never referenced
        RTC_TimeTypeDef RTC_TimeStruct;
main.c(222): warning:  #177-D: variable "RTC_DateStruct" was declared but never referenced
        RTC_DateTypeDef RTC_DateStruct;
main.c: 5 warnings, 0 errors
linking...
Program Size: Code=42816 RO-data=6948 RW-data=448 ZI-data=1848  
FromELF: creating hex file...
"..\OBJ\RTC.axf" - 0 Error(s), 5 Warning(s).
Load "..\\OBJ\\RTC.axf" 
Set JLink Project File to "D:\嵌入式\3，标准例程-库函数版本\2，标准例程-库函数版本\实验15 RTC实时时钟实验\USER\JLinkSettings.ini"
* JLink Info: Device "STM32F407ZG" selected (1024 KB flash, 128 KB RAM).
 
JLink info:
------------
DLL: V4.80g, compiled Feb 13 2014 20:50:02
Firmware: J-Link ARM V8 compiled Nov 25 2013 19:20:08
Hardware: V8.00
S/N : 17935099 
Feature(s) : RDI,FlashDL,FlashBP,JFlash 
 
* JLink Info: Found SWD-DP with ID 0x2BA01477
* JLink Info: Found SWD-DP with ID 0x2BA01477
* JLink Info: Found Cortex-M4 r0p1, Little endian.
* JLink Info: FPUnit: 6 code (BP) slots and 2 literal slots
* JLink Info: TPIU fitted.
* JLink Info: ETM fitted.
ROMTableAddr = 0xE00FF003
 
Target info:
------------
Device: STM32F407ZG
VTarget = 3.306V
State of Pins: 
TCK: 0, TDI: 1, TDO: 1, TMS: 1, TRES: 1, TRST: 1
Hardware-Breakpoints: 6
Software-Breakpoints: 8192
Watchpoints:          4
JTAG speed: 1000 kHz
 
Erase Done.
Programming Done.
Verify OK.
Application running ...
</pre>
</body>
</html>
